Archive member included to satisfy reference by file (symbol)

C:\Users\Jaakko\Documents\LPCXpresso_8.2.0_647\workspace\lpc_board_nxp_lpcxpresso_1549\Debug\liblpc_board_nxp_lpcxpresso_1549.a(board.o)
                              ./src/EmbeddedSystemsProject.o (Board_UARTPutChar)
C:\Users\Jaakko\Documents\LPCXpresso_8.2.0_647\workspace\lpc_board_nxp_lpcxpresso_1549\Debug\liblpc_board_nxp_lpcxpresso_1549.a(board_sysinit.o)
                              ./src/sysinit.o (Board_SystemInit)
C:\Users\Jaakko\Documents\LPCXpresso_8.2.0_647\workspace\lpc_chip_15xx\Debug\liblpc_chip_15xx.a(chip_15xx.o)
                              ./freertos/src/port.o (SystemCoreClock)
C:\Users\Jaakko\Documents\LPCXpresso_8.2.0_647\workspace\lpc_chip_15xx\Debug\liblpc_chip_15xx.a(clock_15xx.o)
                              C:\Users\Jaakko\Documents\LPCXpresso_8.2.0_647\workspace\lpc_board_nxp_lpcxpresso_1549\Debug\liblpc_board_nxp_lpcxpresso_1549.a(board.o) (Chip_Clock_GetMainClockRate)
C:\Users\Jaakko\Documents\LPCXpresso_8.2.0_647\workspace\lpc_chip_15xx\Debug\liblpc_chip_15xx.a(gpio_15xx.o)
                              C:\Users\Jaakko\Documents\LPCXpresso_8.2.0_647\workspace\lpc_board_nxp_lpcxpresso_1549\Debug\liblpc_board_nxp_lpcxpresso_1549.a(board.o) (Chip_GPIO_Init)
C:\Users\Jaakko\Documents\LPCXpresso_8.2.0_647\workspace\lpc_chip_15xx\Debug\liblpc_chip_15xx.a(iocon_15xx.o)
                              C:\Users\Jaakko\Documents\LPCXpresso_8.2.0_647\workspace\lpc_board_nxp_lpcxpresso_1549\Debug\liblpc_board_nxp_lpcxpresso_1549.a(board_sysinit.o) (Chip_IOCON_SetPinMuxing)
C:\Users\Jaakko\Documents\LPCXpresso_8.2.0_647\workspace\lpc_chip_15xx\Debug\liblpc_chip_15xx.a(swm_15xx.o)
                              C:\Users\Jaakko\Documents\LPCXpresso_8.2.0_647\workspace\lpc_board_nxp_lpcxpresso_1549\Debug\liblpc_board_nxp_lpcxpresso_1549.a(board.o) (Chip_SWM_MovablePinAssign)
C:\Users\Jaakko\Documents\LPCXpresso_8.2.0_647\workspace\lpc_chip_15xx\Debug\liblpc_chip_15xx.a(sysctl_15xx.o)
                              C:\Users\Jaakko\Documents\LPCXpresso_8.2.0_647\workspace\lpc_board_nxp_lpcxpresso_1549\Debug\liblpc_board_nxp_lpcxpresso_1549.a(board_sysinit.o) (Chip_SYSCTL_AssertPeriphReset)
C:\Users\Jaakko\Documents\LPCXpresso_8.2.0_647\workspace\lpc_chip_15xx\Debug\liblpc_chip_15xx.a(sysinit_15xx.o)
                              C:\Users\Jaakko\Documents\LPCXpresso_8.2.0_647\workspace\lpc_board_nxp_lpcxpresso_1549\Debug\liblpc_board_nxp_lpcxpresso_1549.a(board_sysinit.o) (Chip_SetupXtalClocking)
C:\Users\Jaakko\Documents\LPCXpresso_8.2.0_647\workspace\lpc_chip_15xx\Debug\liblpc_chip_15xx.a(uart_15xx.o)
                              C:\Users\Jaakko\Documents\LPCXpresso_8.2.0_647\workspace\lpc_board_nxp_lpcxpresso_1549\Debug\liblpc_board_nxp_lpcxpresso_1549.a(board.o) (Chip_UART_Init)
C:\Users\Jaakko\Documents\LPCXpresso_8.2.0_647\workspace\lpc_chip_15xx\Debug\liblpc_chip_15xx.a(ring_buffer.o)
                              C:\Users\Jaakko\Documents\LPCXpresso_8.2.0_647\workspace\lpc_chip_15xx\Debug\liblpc_chip_15xx.a(uart_15xx.o) (RingBuffer_Insert)
c:/nxp/lpcxpresso_8.2.0_647/lpcxpresso/tools/bin/../lib/gcc/arm-none-eabi/5.3.1/armv7-m\libgcc.a(_aeabi_uldivmod.o)
                              C:\Users\Jaakko\Documents\LPCXpresso_8.2.0_647\workspace\lpc_chip_15xx\Debug\liblpc_chip_15xx.a(clock_15xx.o) (__aeabi_uldivmod)
c:/nxp/lpcxpresso_8.2.0_647/lpcxpresso/tools/bin/../lib/gcc/arm-none-eabi/5.3.1/armv7-m\libgcc.a(_udivmoddi4.o)
                              c:/nxp/lpcxpresso_8.2.0_647/lpcxpresso/tools/bin/../lib/gcc/arm-none-eabi/5.3.1/armv7-m\libgcc.a(_aeabi_uldivmod.o) (__udivmoddi4)
c:/nxp/lpcxpresso_8.2.0_647/lpcxpresso/tools/bin/../lib/gcc/arm-none-eabi/5.3.1/armv7-m\libgcc.a(_dvmd_tls.o)
                              c:/nxp/lpcxpresso_8.2.0_647/lpcxpresso/tools/bin/../lib/gcc/arm-none-eabi/5.3.1/armv7-m\libgcc.a(_aeabi_uldivmod.o) (__aeabi_ldiv0)
c:/nxp/lpcxpresso_8.2.0_647/lpcxpresso/tools/bin/../lib/gcc/arm-none-eabi/5.3.1/../../../../arm-none-eabi/lib/armv7-m\libc.a(lib_a-impure.o)
                              ./freertos/src/tasks.o (_impure_ptr)
c:/nxp/lpcxpresso_8.2.0_647/lpcxpresso/tools/bin/../lib/gcc/arm-none-eabi/5.3.1/../../../../arm-none-eabi/lib/armv7-m\libc.a(lib_a-init.o)
                              ./src/cr_startup_lpc15xx.o (__libc_init_array)
c:/nxp/lpcxpresso_8.2.0_647/lpcxpresso/tools/bin/../lib/gcc/arm-none-eabi/5.3.1/../../../../arm-none-eabi/lib/armv7-m\libc.a(lib_a-malloc.o)
                              ./src/cr_cpp_config.o (malloc)
c:/nxp/lpcxpresso_8.2.0_647/lpcxpresso/tools/bin/../lib/gcc/arm-none-eabi/5.3.1/../../../../arm-none-eabi/lib/armv7-m\libc.a(lib_a-mallocr.o)
                              c:/nxp/lpcxpresso_8.2.0_647/lpcxpresso/tools/bin/../lib/gcc/arm-none-eabi/5.3.1/../../../../arm-none-eabi/lib/armv7-m\libc.a(lib_a-malloc.o) (_malloc_r)
c:/nxp/lpcxpresso_8.2.0_647/lpcxpresso/tools/bin/../lib/gcc/arm-none-eabi/5.3.1/../../../../arm-none-eabi/lib/armv7-m\libc.a(lib_a-memcpy.o)
[...]
Memory Configuration

Name             Origin             Length             Attributes
MFlash256        0x00000000         0x00040000         xr
Ram0_16          0x02000000         0x00004000         xrw
Ram1_16          0x02004000         0x00004000         xrw
Ram2_4           0x02008000         0x00001000         xrw
*default*        0x00000000         0xffffffff

Linker script and memory map

LOAD ./src/EmbeddedSystemsProject.o
LOAD ./src/cr_cpp_config.o
LOAD ./src/cr_startup_lpc15xx.o
LOAD ./src/crp.o
LOAD ./src/sysinit.o
LOAD ./freertos/src/FreeRTOSCommonHooks.o
LOAD ./freertos/src/croutine.o
LOAD ./freertos/src/event_groups.o
LOAD ./freertos/src/heap_3.o
LOAD ./freertos/src/list.o
LOAD ./freertos/src/port.o
LOAD ./freertos/src/queue.o
LOAD ./freertos/src/tasks.o
LOAD ./freertos/src/timers.o
LOAD C:\Users\Jaakko\Documents\LPCXpresso_8.2.0_647\workspace\lpc_board_nxp_lpcxpresso_1549\Debug\liblpc_board_nxp_lpcxpresso_1549.a
LOAD C:\Users\Jaakko\Documents\LPCXpresso_8.2.0_647\workspace\lpc_chip_15xx\Debug\liblpc_chip_15xx.a
START GROUP
LOAD c:/nxp/lpcxpresso_8.2.0_647/lpcxpresso/tools/bin/../lib/gcc/arm-none-eabi/5.3.1/armv7-m\libgcc.a
LOAD c:/nxp/lpcxpresso_8.2.0_647/lpcxpresso/tools/bin/../lib/gcc/arm-none-eabi/5.3.1/../../../../arm-none-eabi/lib/armv7-m\libc.a
LOAD c:/nxp/lpcxpresso_8.2.0_647/lpcxpresso/tools/bin/../lib/gcc/arm-none-eabi/5.3.1/../../../../arm-none-eabi/lib/armv7-m\libstdc++.a
LOAD c:/nxp/lpcxpresso_8.2.0_647/lpcxpresso/tools/bin/../lib/gcc/arm-none-eabi/5.3.1/../../../../arm-none-eabi/lib/armv7-m\libm.a
LOAD c:/nxp/lpcxpresso_8.2.0_647/lpcxpresso/tools/bin/../lib/gcc/arm-none-eabi/5.3.1/../../../../arm-none-eabi/lib/armv7-m\libcr_newlib_nohost.a
LOAD c:/nxp/lpcxpresso_8.2.0_647/lpcxpresso/tools/bin/../lib/gcc/arm-none-eabi/5.3.1/armv7-m\crti.o
LOAD c:/nxp/lpcxpresso_8.2.0_647/lpcxpresso/tools/bin/../lib/gcc/arm-none-eabi/5.3.1/armv7-m\crtn.o
LOAD c:/nxp/lpcxpresso_8.2.0_647/lpcxpresso/tools/bin/../lib/gcc/arm-none-eabi/5.3.1/armv7-m\crtbegin.o
LOAD c:/nxp/lpcxpresso_8.2.0_647/lpcxpresso/tools/bin/../lib/gcc/arm-none-eabi/5.3.1/armv7-m\crtend.o
END GROUP
                0x00000000                __base_MFlash256 = 0x0
                0x00000000                __base_Flash = 0x0
                0x00040000                __top_MFlash256 = 0x40000
                0x00040000                __top_Flash = 0x40000
                0x02000000                __base_Ram0_16 = 0x2000000
                0x02000000                __base_RAM = 0x2000000
                0x02004000                __top_Ram0_16 = 0x2004000
                0x02004000                __top_RAM = 0x2004000
                0x02004000                __base_Ram1_16 = 0x2004000
                0x02004000                __base_RAM2 = 0x2004000
                0x02008000                __top_Ram1_16 = 0x2008000
                0x02008000                __top_RAM2 = 0x2008000
                0x02008000                __base_Ram2_4 = 0x2008000
                0x02008000                __base_RAM3 = 0x2008000
                0x02009000                __top_Ram2_4 = 0x2009000
                0x02009000                __top_RAM3 = 0x2009000

.text           0x00000000     0x2f20
 FILL mask 0xff
                0x00000000                __vectors_start__ = ABSOLUTE (.)
 *(.isr_vector)
 .isr_vector    0x00000000       0xfc ./src/cr_startup_lpc15xx.o
                0x00000000                g_pfnVectors
                0x000000fc                . = ALIGN (0x4)
                0x000000fc                __section_table_start = .
                0x000000fc                __data_section_table = .
                0x000000fc        0x4 LONG 0x2f28 LOADADDR (.data)
                0x00000100        0x4 LONG 0x2000000 ADDR (.data)
                0x00000104        0x4 LONG 0x844 SIZEOF (.data)
                0x00000108        0x4 LONG 0x2f28 LOADADDR (.data_RAM2)
                0x0000010c        0x4 LONG 0x2004000 ADDR (.data_RAM2)
                0x00000110        0x4 LONG 0x0 SIZEOF (.data_RAM2)
                0x00000114        0x4 LONG 0x2f28 LOADADDR (.data_RAM3)
                0x00000118        0x4 LONG 0x2008000 ADDR (.data_RAM3)
                0x0000011c        0x4 LONG 0x0 SIZEOF (.data_RAM3)
                0x00000120                __data_section_table_end = .
                0x00000120                __bss_section_table = .
                0x00000120        0x4 LONG 0x2000844 ADDR (.bss)
                0x00000124        0x4 LONG 0x1a4 SIZEOF (.bss)
                0x00000128        0x4 LONG 0x2004000 ADDR (.bss_RAM2)
                0x0000012c        0x4 LONG 0x0 SIZEOF (.bss_RAM2)
                0x00000130        0x4 LONG 0x2008000 ADDR (.bss_RAM3)
                0x00000134        0x4 LONG 0x0 SIZEOF (.bss_RAM3)
                0x00000138                __bss_section_table_end = .
                0x00000138                __section_table_end = .
 *(.after_vectors*)
 .after_vectors
                0x00000138      0x148 ./src/cr_startup_lpc15xx.o
                0x00000138                data_init(unsigned int, unsigned int, unsigned int)
                0x0000017c                bss_init(unsigned int, unsigned int)
                0x000001b4                ResetISR
                0x00000230                NMI_Handler
                0x00000238                HardFault_Handler
                0x00000240                MemManage_Handler
                0x00000248                BusFault_Handler
                0x00000250                UsageFault_Handler
                0x00000260                DebugMon_Handler
                0x00000278                UART1_IRQHandler
                0x00000278                RTC_WAKE_IRQHandler
                0x00000278                UART0_IRQHandler
                0x00000278                MRT_IRQHandler
                0x00000278                ADC1_THCMP_IRQHandler
                0x00000278                SPI1_IRQHandler
                0x00000278                PIN_INT6_IRQHandler
                0x00000278                IntDefaultHandler
                0x00000278                PIN_INT4_IRQHandler
                0x00000278                CAN_IRQHandler
                0x00000278                RTC_ALARM_IRQHandler
                0x00000278                ADC1B_IRQHandler
                0x00000278                ADC1_OVR_IRQHandler
                0x00000278                USBWakeup_IRQHandler
                0x00000278                UART2_IRQHandler
                0x00000278                ADC0_OVR_IRQHandler
                0x00000278                SCT1_IRQHandler
                0x00000278                PIN_INT2_IRQHandler
                0x00000278                USB_FIQHandler
                0x00000278                SCT3_IRQHandler
                0x00000278                PIN_INT7_IRQHandler
                0x00000278                I2C0_IRQHandler
                0x00000278                PIN_INT1_IRQHandler
                0x00000278                USB_IRQHandler
                0x00000278                BOD_IRQHandler
                0x00000278                ADC0B_IRQHandler
                0x00000278                ACMP0_IRQHandler
                0x00000278                RIT_IRQHandler
                0x00000278                SCT2_IRQHandler
                0x00000278                WDT_IRQHandler
                0x00000278                PIN_INT0_IRQHandler
                0x00000278                QEI_IRQHandler
                0x00000278                ACMP3_IRQHandler
                0x00000278                GINT0_IRQHandler
                0x00000278                DAC_IRQHandler
                0x00000278                SPI0_IRQHandler
                0x00000278                EEPROM_IRQHandler
                0x00000278                ACMP2_IRQHandler
                0x00000278                PIN_INT5_IRQHandler
                0x00000278                ADC1A_IRQHandler
                0x00000278                DMA_IRQHandler
                0x00000278                PIN_INT3_IRQHandler
                0x00000278                ACMP1_IRQHandler
                0x00000278                SCT0_IRQHandler
                0x00000278                ADC0A_IRQHandler
                0x00000278                FMC_IRQHandler
                0x00000278                GINT1_IRQHandler
                0x00000278                ADC0_THCMP_IRQHandler
                0x000002fc                . = 0x2fc
 *fill*         0x00000280       0x7c ff
                0x000002fc                PROVIDE (__CRP_WORD_START__, .)
 *(.crp)
 .crp           0x000002fc        0x4 ./src/crp.o
                0x000002fc                CRP_WORD
                0x00000300                PROVIDE (__CRP_WORD_END__, .)
                0x00000001                ASSERT (! ((__CRP_WORD_START__ == __CRP_WORD_END__)), Linker CRP Enabled, but no CRP_WORD provided within application)
 *(.text*)
 .text.Chip_IOCON_PinMuxSet
                0x00000300       0x2c ./src/EmbeddedSystemsProject.o
 .text.Chip_GPIO_SetPinDIRInput
                0x0000032c       0x40 ./src/EmbeddedSystemsProject.o
 .text._ZL11gCodeParserPv
                0x0000036c       0xe0 ./src/EmbeddedSystemsProject.o
 .text.main     0x0000044c       0x64 ./src/EmbeddedSystemsProject.o
                0x0000044c                main
 .text.SystemInit
                0x000004b0        0xc ./src/sysinit.o
                0x000004b0                SystemInit
 .text.vApplicationIdleHook
                0x000004bc       0x10 ./freertos/src/FreeRTOSCommonHooks.o
                0x000004bc                vApplicationIdleHook
 .text.pvPortMalloc
                0x000004cc       0x24 ./freertos/src/heap_3.o
                0x000004cc                pvPortMalloc
 .text.vPortFree
                0x000004f0       0x24 ./freertos/src/heap_3.o
                0x000004f0                vPortFree
 .text.vListInitialise
                0x00000514       0x40 ./freertos/src/list.o
                0x00000514                vListInitialise
 .text.vListInitialiseItem
                0x00000554       0x18 ./freertos/src/list.o
                0x00000554                vListInitialiseItem
 .text.vListInsertEnd
                0x0000056c       0x48 ./freertos/src/list.o
                0x0000056c                vListInsertEnd
 .text.uxListRemove
                0x000005b4       0x54 ./freertos/src/list.o
                0x000005b4                uxListRemove
 .text.pxPortInitialiseStack
                0x00000608       0x54 ./freertos/src/port.o
                0x00000608                pxPortInitialiseStack
 .text.prvTaskExitError
                0x0000065c        0xc ./freertos/src/port.o
 .text.SVC_Handler
                0x00000668       0x28 ./freertos/src/port.o
                0x00000668                SVC_Handler
 .text.prvPortStartFirstTask
                0x00000690       0x20 ./freertos/src/port.o
 .text.xPortStartScheduler
                0x000006b0       0x3c ./freertos/src/port.o
                0x000006b0                xPortStartScheduler
 .text.vPortYield
                0x000006ec       0x20 ./freertos/src/port.o
                0x000006ec                vPortYield
 .text.vPortEnterCritical
                0x0000070c       0x24 ./freertos/src/port.o
                0x0000070c                vPortEnterCritical
 .text.vPortExitCritical
                0x00000730       0x24 ./freertos/src/port.o
                0x00000730                vPortExitCritical
 .text.ulPortSetInterruptMask
                0x00000754       0x14 ./freertos/src/port.o
                0x00000754                ulPortSetInterruptMask
 .text.vPortClearInterruptMask
                0x00000768        0x8 ./freertos/src/port.o
                0x00000768                vPortClearInterruptMask
 .text.PendSV_Handler
                0x00000770       0x48 ./freertos/src/port.o
                0x00000770                PendSV_Handler
 .text.SysTick_Handler
                0x000007b8       0x28 ./freertos/src/port.o
                0x000007b8                SysTick_Handler
 .text.vPortSuppressTicksAndSleep
                0x000007e0      0x17c ./freertos/src/port.o
                0x000007e0                vPortSuppressTicksAndSleep
 .text.vPortSetupTimerInterrupt
                0x0000095c       0x78 ./freertos/src/port.o
                0x0000095c                vPortSetupTimerInterrupt
 .text.xTaskGenericCreate
                0x000009d4      0x140 ./freertos/src/tasks.o
                0x000009d4                xTaskGenericCreate
 .text.vTaskStartScheduler
                0x00000b14       0x68 ./freertos/src/tasks.o
                0x00000b14                vTaskStartScheduler
 .text.vTaskSuspendAll
                0x00000b7c       0x1c ./freertos/src/tasks.o
                0x00000b7c                vTaskSuspendAll
 .text.prvGetExpectedIdleTime
                0x00000b98       0x4c ./freertos/src/tasks.o
 .text.xTaskResumeAll
                0x00000be4       0xfc ./freertos/src/tasks.o
                0x00000be4                xTaskResumeAll
 .text.vTaskStepTick
                0x00000ce0       0x24 ./freertos/src/tasks.o
                0x00000ce0                vTaskStepTick
 .text.xTaskIncrementTick
                0x00000d04      0x15c ./freertos/src/tasks.o
                0x00000d04                xTaskIncrementTick
 .text.vTaskSwitchContext
                0x00000e60       0xa8 ./freertos/src/tasks.o
                0x00000e60                vTaskSwitchContext
 .text.prvIdleTask
                0x00000f08       0x48 ./freertos/src/tasks.o
 .text.eTaskConfirmSleepModeStatus
                0x00000f50       0x5c ./freertos/src/tasks.o
                0x00000f50                eTaskConfirmSleepModeStatus
 .text.prvInitialiseTCBVariables
                0x00000fac      0x124 ./freertos/src/tasks.o
 .text.prvInitialiseTaskLists
                0x000010d0       0x80 ./freertos/src/tasks.o
 .text.prvCheckTasksWaitingTermination
                0x00001150       0x78 ./freertos/src/tasks.o
 .text.prvAllocateTCBAndStack
                0x000011c8       0x64 ./freertos/src/tasks.o
 .text.prvDeleteTCB
                0x0000122c       0x2c ./freertos/src/tasks.o
 .text.prvResetNextTaskUnblockTime
                0x00001258       0x48 ./freertos/src/tasks.o
 .text.Chip_IOCON_PinMuxSet
                0x000012a0       0x2c C:\Users\Jaakko\Documents\LPCXpresso_8.2.0_647\workspace\lpc_board_nxp_lpcxpresso_1549\Debug\liblpc_board_nxp_lpcxpresso_1549.a(board.o)
 .text.Chip_SWM_MovablePortPinAssign
                0x000012cc       0x30 C:\Users\Jaakko\Documents\LPCXpresso_8.2.0_647\workspace\lpc_board_nxp_lpcxpresso_1549\Debug\liblpc_board_nxp_lpcxpresso_1549.a(board.o)
 .text.Chip_GPIO_SetPinState
                0x000012fc       0x38 C:\Users\Jaakko\Documents\LPCXpresso_8.2.0_647\workspace\lpc_board_nxp_lpcxpresso_1549\Debug\liblpc_board_nxp_lpcxpresso_1549.a(board.o)
 .text.Chip_GPIO_SetPinDIROutput
                0x00001334       0x3c C:\Users\Jaakko\Documents\LPCXpresso_8.2.0_647\workspace\lpc_board_nxp_lpcxpresso_1549\Debug\liblpc_board_nxp_lpcxpresso_1549.a(board.o)
 .text.Chip_UART_Enable
                0x00001370       0x20 C:\Users\Jaakko\Documents\LPCXpresso_8.2.0_647\workspace\lpc_board_nxp_lpcxpresso_1549\Debug\liblpc_board_nxp_lpcxpresso_1549.a(board.o)
 .text.Chip_UART_TXEnable
                0x00001390       0x20 C:\Users\Jaakko\Documents\LPCXpresso_8.2.0_647\workspace\lpc_board_nxp_lpcxpresso_1549\Debug\liblpc_board_nxp_lpcxpresso_1549.a(board.o)
 .text.Chip_UART_ConfigData
                0x000013b0       0x28 C:\Users\Jaakko\Documents\LPCXpresso_8.2.0_647\workspace\lpc_board_nxp_lpcxpresso_1549\Debug\liblpc_board_nxp_lpcxpresso_1549.a(board.o)
 .text.Board_UARTPutChar
                0x000013d8       0x24 C:\Users\Jaakko\Documents\LPCXpresso_8.2.0_647\workspace\lpc_board_nxp_lpcxpresso_1549\Debug\liblpc_board_nxp_lpcxpresso_1549.a(board.o)
                0x000013d8                Board_UARTPutChar
 .text.Board_UARTGetChar
                0x000013fc       0x2c C:\Users\Jaakko\Documents\LPCXpresso_8.2.0_647\workspace\lpc_board_nxp_lpcxpresso_1549\Debug\liblpc_board_nxp_lpcxpresso_1549.a(board.o)
                0x000013fc                Board_UARTGetChar
 .text.Board_UARTPutSTR
                0x00001428       0x28 C:\Users\Jaakko\Documents\LPCXpresso_8.2.0_647\workspace\lpc_board_nxp_lpcxpresso_1549\Debug\liblpc_board_nxp_lpcxpresso_1549.a(board.o)
                0x00001428                Board_UARTPutSTR
 .text.Board_Debug_Init
                0x00001450       0x70 C:\Users\Jaakko\Documents\LPCXpresso_8.2.0_647\workspace\lpc_board_nxp_lpcxpresso_1549\Debug\liblpc_board_nxp_lpcxpresso_1549.a(board.o)
                0x00001450                Board_Debug_Init
 .text.Board_LED_Init
                0x000014c0       0x5c C:\Users\Jaakko\Documents\LPCXpresso_8.2.0_647\workspace\lpc_board_nxp_lpcxpresso_1549\Debug\liblpc_board_nxp_lpcxpresso_1549.a(board.o)
 .text.Board_Init
                0x0000151c       0x18 C:\Users\Jaakko\Documents\LPCXpresso_8.2.0_647\workspace\lpc_board_nxp_lpcxpresso_1549\Debug\liblpc_board_nxp_lpcxpresso_1549.a(board.o)
                0x0000151c                Board_Init
 .text.Chip_SYSCTL_PeriphReset
                0x00001534       0x24 C:\Users\Jaakko\Documents\LPCXpresso_8.2.0_647\workspace\lpc_board_nxp_lpcxpresso_1549\Debug\liblpc_board_nxp_lpcxpresso_1549.a(board_sysinit.o)
 .text.Chip_Clock_SetUSBPLLSource
                0x00001558       0x20 C:\Users\Jaakko\Documents\LPCXpresso_8.2.0_647\workspace\lpc_board_nxp_lpcxpresso_1549\Debug\liblpc_board_nxp_lpcxpresso_1549.a(board_sysinit.o)
 .text.Chip_Clock_SetupUSBPLL
                0x00001578       0x34 C:\Users\Jaakko\Documents\LPCXpresso_8.2.0_647\workspace\lpc_board_nxp_lpcxpresso_1549\Debug\liblpc_board_nxp_lpcxpresso_1549.a(board_sysinit.o)
 .text.Chip_Clock_IsUSBPLLLocked
                0x000015ac       0x24 C:\Users\Jaakko\Documents\LPCXpresso_8.2.0_647\workspace\lpc_board_nxp_lpcxpresso_1549\Debug\liblpc_board_nxp_lpcxpresso_1549.a(board_sysinit.o)
 .text.Chip_Clock_SetSysTickClockDiv
                0x000015d0       0x20 C:\Users\Jaakko\Documents\LPCXpresso_8.2.0_647\workspace\lpc_board_nxp_lpcxpresso_1549\Debug\liblpc_board_nxp_lpcxpresso_1549.a(board_sysinit.o)
 .text.Chip_SWM_MovablePortPinAssign
                0x000015f0       0x30 C:\Users\Jaakko\Documents\LPCXpresso_8.2.0_647\workspace\lpc_board_nxp_lpcxpresso_1549\Debug\liblpc_board_nxp_lpcxpresso_1549.a(board_sysinit.o)
 .text.Board_SetupMuxing
                0x00001620       0x80 C:\Users\Jaakko\Documents\LPCXpresso_8.2.0_647\workspace\lpc_board_nxp_lpcxpresso_1549\Debug\liblpc_board_nxp_lpcxpresso_1549.a(board_sysinit.o)
                0x00001620                Board_SetupMuxing
 .text.Board_SetupClocking
                0x000016a0       0x3c C:\Users\Jaakko\Documents\LPCXpresso_8.2.0_647\workspace\lpc_board_nxp_lpcxpresso_1549\Debug\liblpc_board_nxp_lpcxpresso_1549.a(board_sysinit.o)
                0x000016a0                Board_SetupClocking
 .text.Board_SystemInit
                0x000016dc       0x1c C:\Users\Jaakko\Documents\LPCXpresso_8.2.0_647\workspace\lpc_board_nxp_lpcxpresso_1549\Debug\liblpc_board_nxp_lpcxpresso_1549.a(board_sysinit.o)
                0x000016dc                Board_SystemInit
 .text.SystemCoreClockUpdate
                0x000016f8       0x18 C:\Users\Jaakko\Documents\LPCXpresso_8.2.0_647\workspace\lpc_chip_15xx\Debug\liblpc_chip_15xx.a(chip_15xx.o)
                0x000016f8                SystemCoreClockUpdate
 .text.Chip_Clock_SetMain_A_ClockSource
                0x00001710       0x20 C:\Users\Jaakko\Documents\LPCXpresso_8.2.0_647\workspace\lpc_chip_15xx\Debug\liblpc_chip_15xx.a(clock_15xx.o)
 .text.Chip_Clock_GetMain_A_ClockSource
                0x00001730       0x18 C:\Users\Jaakko\Documents\LPCXpresso_8.2.0_647\workspace\lpc_chip_15xx\Debug\liblpc_chip_15xx.a(clock_15xx.o)
 .text.Chip_Clock_SetMain_B_ClockSource
                0x00001748       0x20 C:\Users\Jaakko\Documents\LPCXpresso_8.2.0_647\workspace\lpc_chip_15xx\Debug\liblpc_chip_15xx.a(clock_15xx.o)
 .text.Chip_Clock_GetMain_B_ClockSource
                0x00001768       0x18 C:\Users\Jaakko\Documents\LPCXpresso_8.2.0_647\workspace\lpc_chip_15xx\Debug\liblpc_chip_15xx.a(clock_15xx.o)
 .text.Chip_Clock_SetUARTFRGDivider
                0x00001780       0x20 C:\Users\Jaakko\Documents\LPCXpresso_8.2.0_647\workspace\lpc_chip_15xx\Debug\liblpc_chip_15xx.a(clock_15xx.o)
 .text.Chip_Clock_GetUARTFRGDivider
                0x000017a0       0x18 C:\Users\Jaakko\Documents\LPCXpresso_8.2.0_647\workspace\lpc_chip_15xx\Debug\liblpc_chip_15xx.a(clock_15xx.o)
 .text.Chip_Clock_GetMainOscRate
                0x000017b8       0x14 C:\Users\Jaakko\Documents\LPCXpresso_8.2.0_647\workspace\lpc_chip_15xx\Debug\liblpc_chip_15xx.a(clock_15xx.o)
 .text.Chip_Clock_GetIntOscRate
                0x000017cc       0x14 C:\Users\Jaakko\Documents\LPCXpresso_8.2.0_647\workspace\lpc_chip_15xx\Debug\liblpc_chip_15xx.a(clock_15xx.o)
 .text.Chip_Clock_GetRTCOscRate
                0x000017e0       0x14 C:\Users\Jaakko\Documents\LPCXpresso_8.2.0_647\workspace\lpc_chip_15xx\Debug\liblpc_chip_15xx.a(clock_15xx.o)
 .text.Chip_Clock_GetWDTOSCRate
                0x000017f4       0x14 C:\Users\Jaakko\Documents\LPCXpresso_8.2.0_647\workspace\lpc_chip_15xx\Debug\liblpc_chip_15xx.a(clock_15xx.o)
 .text.Chip_Clock_GetPLLFreq
                0x00001808       0x28 C:\Users\Jaakko\Documents\LPCXpresso_8.2.0_647\workspace\lpc_chip_15xx\Debug\liblpc_chip_15xx.a(clock_15xx.o)
 .text.Chip_Clock_GetPLLInClockRate
                0x00001830       0x38 C:\Users\Jaakko\Documents\LPCXpresso_8.2.0_647\workspace\lpc_chip_15xx\Debug\liblpc_chip_15xx.a(clock_15xx.o)
 .text.Chip_Clock_GetSystemPLLInClockRate
                0x00001868       0x1c C:\Users\Jaakko\Documents\LPCXpresso_8.2.0_647\workspace\lpc_chip_15xx\Debug\liblpc_chip_15xx.a(clock_15xx.o)
                0x00001868                Chip_Clock_GetSystemPLLInClockRate
 .text.Chip_Clock_GetSystemPLLOutClockRate
                0x00001884       0x24 C:\Users\Jaakko\Documents\LPCXpresso_8.2.0_647\workspace\lpc_chip_15xx\Debug\liblpc_chip_15xx.a(clock_15xx.o)
                0x00001884                Chip_Clock_GetSystemPLLOutClockRate
 .text.Chip_Clock_GetMain_A_ClockRate
                0x000018a8       0x44 C:\Users\Jaakko\Documents\LPCXpresso_8.2.0_647\workspace\lpc_chip_15xx\Debug\liblpc_chip_15xx.a(clock_15xx.o)
                0x000018a8                Chip_Clock_GetMain_A_ClockRate
 .text.Chip_Clock_GetMain_B_ClockRate
                0x000018ec       0x58 C:\Users\Jaakko\Documents\LPCXpresso_8.2.0_647\workspace\lpc_chip_15xx\Debug\liblpc_chip_15xx.a(clock_15xx.o)
                0x000018ec                Chip_Clock_GetMain_B_ClockRate
 .text.Chip_Clock_SetMainClockSource
                0x00001944       0x3c C:\Users\Jaakko\Documents\LPCXpresso_8.2.0_647\workspace\lpc_chip_15xx\Debug\liblpc_chip_15xx.a(clock_15xx.o)
                0x00001944                Chip_Clock_SetMainClockSource
 .text.Chip_Clock_GetMainClockRate
                0x00001980       0x28 C:\Users\Jaakko\Documents\LPCXpresso_8.2.0_647\workspace\lpc_chip_15xx\Debug\liblpc_chip_15xx.a(clock_15xx.o)
                0x00001980                Chip_Clock_GetMainClockRate
 .text.Chip_Clock_EnablePeriphClock
                0x000019a8       0x54 C:\Users\Jaakko\Documents\LPCXpresso_8.2.0_647\workspace\lpc_chip_15xx\Debug\liblpc_chip_15xx.a(clock_15xx.o)
                0x000019a8                Chip_Clock_EnablePeriphClock
 .text.Chip_Clock_GetUARTBaseClockRate
                0x000019fc       0x88 C:\Users\Jaakko\Documents\LPCXpresso_8.2.0_647\workspace\lpc_chip_15xx\Debug\liblpc_chip_15xx.a(clock_15xx.o)
                0x000019fc                Chip_Clock_GetUARTBaseClockRate
 .text.Chip_Clock_SetUARTBaseClockRate
                0x00001a84       0xa0 C:\Users\Jaakko\Documents\LPCXpresso_8.2.0_647\workspace\lpc_chip_15xx\Debug\liblpc_chip_15xx.a(clock_15xx.o)
                0x00001a84                Chip_Clock_SetUARTBaseClockRate
 .text.Chip_Clock_GetSystemClockRate
                0x00001b24       0x1c C:\Users\Jaakko\Documents\LPCXpresso_8.2.0_647\workspace\lpc_chip_15xx\Debug\liblpc_chip_15xx.a(clock_15xx.o)
                0x00001b24                Chip_Clock_GetSystemClockRate
 .text.Chip_SYSCTL_PeriphReset
                0x00001b40       0x24 C:\Users\Jaakko\Documents\LPCXpresso_8.2.0_647\workspace\lpc_chip_15xx\Debug\liblpc_chip_15xx.a(gpio_15xx.o)
 .text.Chip_GPIO_Init
                0x00001b64       0x30 C:\Users\Jaakko\Documents\LPCXpresso_8.2.0_647\workspace\lpc_chip_15xx\Debug\liblpc_chip_15xx.a(gpio_15xx.o)
                0x00001b64                Chip_GPIO_Init
 .text.Chip_IOCON_PinMuxSet
                0x00001b94       0x2c C:\Users\Jaakko\Documents\LPCXpresso_8.2.0_647\workspace\lpc_chip_15xx\Debug\liblpc_chip_15xx.a(iocon_15xx.o)
 .text.Chip_IOCON_SetPinMuxing
                0x00001bc0       0x50 C:\Users\Jaakko\Documents\LPCXpresso_8.2.0_647\workspace\lpc_chip_15xx\Debug\liblpc_chip_15xx.a(iocon_15xx.o)
                0x00001bc0                Chip_IOCON_SetPinMuxing
 .text.Chip_SWM_MovablePinAssign
                0x00001c10       0x5c C:\Users\Jaakko\Documents\LPCXpresso_8.2.0_647\workspace\lpc_chip_15xx\Debug\liblpc_chip_15xx.a(swm_15xx.o)
                0x00001c10                Chip_SWM_MovablePinAssign
 .text.Chip_SYSCTL_AssertPeriphReset
                0x00001c6c       0x48 C:\Users\Jaakko\Documents\LPCXpresso_8.2.0_647\workspace\lpc_chip_15xx\Debug\liblpc_chip_15xx.a(sysctl_15xx.o)
                0x00001c6c                Chip_SYSCTL_AssertPeriphReset
 .text.Chip_SYSCTL_DeassertPeriphReset
                0x00001cb4       0x4c C:\Users\Jaakko\Documents\LPCXpresso_8.2.0_647\workspace\lpc_chip_15xx\Debug\liblpc_chip_15xx.a(sysctl_15xx.o)
                0x00001cb4                Chip_SYSCTL_DeassertPeriphReset
 .text.Chip_SYSCTL_PowerDown
                0x00001d00       0x40 C:\Users\Jaakko\Documents\LPCXpresso_8.2.0_647\workspace\lpc_chip_15xx\Debug\liblpc_chip_15xx.a(sysctl_15xx.o)
                0x00001d00                Chip_SYSCTL_PowerDown
 .text.Chip_SYSCTL_PowerUp
                0x00001d40       0x40 C:\Users\Jaakko\Documents\LPCXpresso_8.2.0_647\workspace\lpc_chip_15xx\Debug\liblpc_chip_15xx.a(sysctl_15xx.o)
                0x00001d40                Chip_SYSCTL_PowerUp
 .text.Chip_FMC_SetFLASHAccess
                0x00001d80       0x38 C:\Users\Jaakko\Documents\LPCXpresso_8.2.0_647\workspace\lpc_chip_15xx\Debug\liblpc_chip_15xx.a(sysinit_15xx.o)
 .text.Chip_Clock_SetSystemPLLSource
                0x00001db8       0x20 C:\Users\Jaakko\Documents\LPCXpresso_8.2.0_647\workspace\lpc_chip_15xx\Debug\liblpc_chip_15xx.a(sysinit_15xx.o)
 .text.Chip_Clock_SetupSystemPLL
                0x00001dd8       0x34 C:\Users\Jaakko\Documents\LPCXpresso_8.2.0_647\workspace\lpc_chip_15xx\Debug\liblpc_chip_15xx.a(sysinit_15xx.o)
 .text.Chip_Clock_IsSystemPLLLocked
                0x00001e0c       0x24 C:\Users\Jaakko\Documents\LPCXpresso_8.2.0_647\workspace\lpc_chip_15xx\Debug\liblpc_chip_15xx.a(sysinit_15xx.o)
 .text.Chip_Clock_SetSysClockDiv
                0x00001e30       0x20 C:\Users\Jaakko\Documents\LPCXpresso_8.2.0_647\workspace\lpc_chip_15xx\Debug\liblpc_chip_15xx.a(sysinit_15xx.o)
 .text.Chip_SetupXtalClocking
                0x00001e50       0x6c C:\Users\Jaakko\Documents\LPCXpresso_8.2.0_647\workspace\lpc_chip_15xx\Debug\liblpc_chip_15xx.a(sysinit_15xx.o)
                0x00001e50                Chip_SetupXtalClocking
 .text.Chip_SYSCTL_PeriphReset
                0x00001ebc       0x24 C:\Users\Jaakko\Documents\LPCXpresso_8.2.0_647\workspace\lpc_chip_15xx\Debug\liblpc_chip_15xx.a(uart_15xx.o)
 .text.Chip_UART_SendByte
                0x00001ee0       0x1c C:\Users\Jaakko\Documents\LPCXpresso_8.2.0_647\workspace\lpc_chip_15xx\Debug\liblpc_chip_15xx.a(uart_15xx.o)
 .text.Chip_UART_ReadByte
                0x00001efc       0x1c C:\Users\Jaakko\Documents\LPCXpresso_8.2.0_647\workspace\lpc_chip_15xx\Debug\liblpc_chip_15xx.a(uart_15xx.o)
 .text.Chip_UART_GetStatus
                0x00001f18       0x18 C:\Users\Jaakko\Documents\LPCXpresso_8.2.0_647\workspace\lpc_chip_15xx\Debug\liblpc_chip_15xx.a(uart_15xx.o)
 .text.getUARTClockID
                0x00001f30       0x34 C:\Users\Jaakko\Documents\LPCXpresso_8.2.0_647\workspace\lpc_chip_15xx\Debug\liblpc_chip_15xx.a(uart_15xx.o)
 .text.Chip_UART_Init
                0x00001f64       0x4c C:\Users\Jaakko\Documents\LPCXpresso_8.2.0_647\workspace\lpc_chip_15xx\Debug\liblpc_chip_15xx.a(uart_15xx.o)
                0x00001f64                Chip_UART_Init
 .text.Chip_UART_Send
                0x00001fb0       0x50 C:\Users\Jaakko\Documents\LPCXpresso_8.2.0_647\workspace\lpc_chip_15xx\Debug\liblpc_chip_15xx.a(uart_15xx.o)
                0x00001fb0                Chip_UART_Send
 .text.Chip_UART_SendBlocking
                0x00002000       0x4c C:\Users\Jaakko\Documents\LPCXpresso_8.2.0_647\workspace\lpc_chip_15xx\Debug\liblpc_chip_15xx.a(uart_15xx.o)
                0x00002000                Chip_UART_SendBlocking
 .text.Chip_UART_Read
                0x0000204c       0x54 C:\Users\Jaakko\Documents\LPCXpresso_8.2.0_647\workspace\lpc_chip_15xx\Debug\liblpc_chip_15xx.a(uart_15xx.o)
                0x0000204c                Chip_UART_Read
 .text.Chip_UART_SetBaud
                0x000020a0       0x2c C:\Users\Jaakko\Documents\LPCXpresso_8.2.0_647\workspace\lpc_chip_15xx\Debug\liblpc_chip_15xx.a(uart_15xx.o)
                0x000020a0                Chip_UART_SetBaud
 .text          0x000020cc       0x30 c:/nxp/lpcxpresso_8.2.0_647/lpcxpresso/tools/bin/../lib/gcc/arm-none-eabi/5.3.1/armv7-m\libgcc.a(_aeabi_uldivmod.o)
                0x000020cc                __aeabi_uldivmod
 .text          0x000020fc      0x2ec c:/nxp/lpcxpresso_8.2.0_647/lpcxpresso/tools/bin/../lib/gcc/arm-none-eabi/5.3.1/armv7-m\libgcc.a(_udivmoddi4.o)
                0x000020fc                __udivmoddi4
 .text          0x000023e8        0x4 c:/nxp/lpcxpresso_8.2.0_647/lpcxpresso/tools/bin/../lib/gcc/arm-none-eabi/5.3.1/armv7-m\libgcc.a(_dvmd_tls.o)
                0x000023e8                __aeabi_idiv0
                0x000023e8                __aeabi_ldiv0
 .text.__libc_init_array
                0x000023ec       0x50 c:/nxp/lpcxpresso_8.2.0_647/lpcxpresso/tools/bin/../lib/gcc/arm-none-eabi/5.3.1/../../../../arm-none-eabi/lib/armv7-m\libc.a(lib_a-init.o)
                0x000023ec                __libc_init_array
 .text.malloc   0x0000243c       0x10 c:/nxp/lpcxpresso_8.2.0_647/lpcxpresso/tools/bin/../lib/gcc/arm-none-eabi/5.3.1/../../../../arm-none-eabi/lib/armv7-m\libc.a(lib_a-malloc.o)
                0x0000243c                malloc
 .text.free     0x0000244c       0x10 c:/nxp/lpcxpresso_8.2.0_647/lpcxpresso/tools/bin/../lib/gcc/arm-none-eabi/5.3.1/../../../../arm-none-eabi/lib/armv7-m\libc.a(lib_a-malloc.o)
                0x0000244c                free
 .text._malloc_r
                0x0000245c      0x558 c:/nxp/lpcxpresso_8.2.0_647/lpcxpresso/tools/bin/../lib/gcc/arm-none-eabi/5.3.1/../../../../arm-none-eabi/lib/armv7-m\libc.a(lib_a-mallocr.o)
                0x0000245c                _malloc_r
 .text.memset   0x000029b4       0x9c c:/nxp/lpcxpresso_8.2.0_647/lpcxpresso/tools/bin/../lib/gcc/arm-none-eabi/5.3.1/../../../../arm-none-eabi/lib/armv7-m\libc.a(lib_a-memset.o)
                0x000029b4                memset
 .text.__malloc_lock
                0x00002a50        0x4 c:/nxp/lpcxpresso_8.2.0_647/lpcxpresso/tools/bin/../lib/gcc/arm-none-eabi/5.3.1/../../../../arm-none-eabi/lib/armv7-m\libc.a(lib_a-mlock.o)
                0x00002a50                __malloc_lock
 .text.__malloc_unlock
                0x00002a54        0x4 c:/nxp/lpcxpresso_8.2.0_647/lpcxpresso/tools/bin/../lib/gcc/arm-none-eabi/5.3.1/../../../../arm-none-eabi/lib/armv7-m\libc.a(lib_a-mlock.o)
                0x00002a54                __malloc_unlock
 .text.cleanup_glue
                0x00002a58       0x1c c:/nxp/lpcxpresso_8.2.0_647/lpcxpresso/tools/bin/../lib/gcc/arm-none-eabi/5.3.1/../../../../arm-none-eabi/lib/armv7-m\libc.a(lib_a-reent.o)
                0x00002a58                cleanup_glue
 .text._reclaim_reent
                0x00002a74       0x88 c:/nxp/lpcxpresso_8.2.0_647/lpcxpresso/tools/bin/../lib/gcc/arm-none-eabi/5.3.1/../../../../arm-none-eabi/lib/armv7-m\libc.a(lib_a-reent.o)
                0x00002a74                _reclaim_reent
 .text._sbrk_r  0x00002afc       0x24 c:/nxp/lpcxpresso_8.2.0_647/lpcxpresso/tools/bin/../lib/gcc/arm-none-eabi/5.3.1/../../../../arm-none-eabi/lib/armv7-m\libc.a(lib_a-sbrkr.o)
                0x00002afc                _sbrk_r
 .text._malloc_trim_r
                0x00002b20       0x9c c:/nxp/lpcxpresso_8.2.0_647/lpcxpresso/tools/bin/../lib/gcc/arm-none-eabi/5.3.1/../../../../arm-none-eabi/lib/armv7-m\libc.a(lib_a-freer.o)
                0x00002b20                _malloc_trim_r
 .text._free_r  0x00002bbc      0x1d0 c:/nxp/lpcxpresso_8.2.0_647/lpcxpresso/tools/bin/../lib/gcc/arm-none-eabi/5.3.1/../../../../arm-none-eabi/lib/armv7-m\libc.a(lib_a-freer.o)
                0x00002bbc                _free_r
 .text._sbrk    0x00002d8c       0x3c c:/nxp/lpcxpresso_8.2.0_647/lpcxpresso/tools/bin/../lib/gcc/arm-none-eabi/5.3.1/../../../../arm-none-eabi/lib/armv7-m\libcr_newlib_nohost.a(_cr_sbrk.o)
                0x00002d8c                _sbrk
 .text.__check_heap_overflow
                0x00002dc8       0x18 c:/nxp/lpcxpresso_8.2.0_647/lpcxpresso/tools/bin/../lib/gcc/arm-none-eabi/5.3.1/../../../../arm-none-eabi/lib/armv7-m\libcr_newlib_nohost.a(_cr_check_heap.o)
                0x00002dc8                __check_heap_overflow
 .text          0x00002de0       0x5c c:/nxp/lpcxpresso_8.2.0_647/lpcxpresso/tools/bin/../lib/gcc/arm-none-eabi/5.3.1/armv7-m\crtbegin.o
 .text.__errno  0x00002e3c        0xc c:/nxp/lpcxpresso_8.2.0_647/lpcxpresso/tools/bin/../lib/gcc/arm-none-eabi/5.3.1/../../../../arm-none-eabi/lib/armv7-m\libc.a(lib_a-errno.o)
                0x00002e3c                __errno
 *(.rodata .rodata.* .constdata .constdata.*)
 .rodata        0x00002e48       0x20 ./src/EmbeddedSystemsProject.o
 .rodata        0x00002e68        0xa ./freertos/src/tasks.o
 *fill*         0x00002e72        0x2 ff
 .rodata.OscRateIn
                0x00002e74        0x4 C:\Users\Jaakko\Documents\LPCXpresso_8.2.0_647\workspace\lpc_board_nxp_lpcxpresso_1549\Debug\liblpc_board_nxp_lpcxpresso_1549.a(board.o)
                0x00002e74                OscRateIn
 .rodata.RTCOscRateIn
                0x00002e78        0x4 C:\Users\Jaakko\Documents\LPCXpresso_8.2.0_647\workspace\lpc_board_nxp_lpcxpresso_1549\Debug\liblpc_board_nxp_lpcxpresso_1549.a(board.o)
                0x00002e78                RTCOscRateIn
 .rodata.ledpins
                0x00002e7c        0x3 C:\Users\Jaakko\Documents\LPCXpresso_8.2.0_647\workspace\lpc_board_nxp_lpcxpresso_1549\Debug\liblpc_board_nxp_lpcxpresso_1549.a(board.o)
 *fill*         0x00002e7f        0x1 ff
 .rodata.ledports
                0x00002e80        0x3 C:\Users\Jaakko\Documents\LPCXpresso_8.2.0_647\workspace\lpc_board_nxp_lpcxpresso_1549\Debug\liblpc_board_nxp_lpcxpresso_1549.a(board.o)
 *fill*         0x00002e83        0x1 ff
 .rodata.ioconSetup
                0x00002e84       0x74 C:\Users\Jaakko\Documents\LPCXpresso_8.2.0_647\workspace\lpc_board_nxp_lpcxpresso_1549\Debug\liblpc_board_nxp_lpcxpresso_1549.a(board_sysinit.o)
 .rodata.swmSetup
                0x00002ef8        0x6 C:\Users\Jaakko\Documents\LPCXpresso_8.2.0_647\workspace\lpc_board_nxp_lpcxpresso_1549\Debug\liblpc_board_nxp_lpcxpresso_1549.a(board_sysinit.o)
 *fill*         0x00002efe        0x2 ff
 .rodata.str1.4
                0x00002f00        0x4 c:/nxp/lpcxpresso_8.2.0_647/lpcxpresso/tools/bin/../lib/gcc/arm-none-eabi/5.3.1/../../../../arm-none-eabi/lib/armv7-m\libc.a(lib_a-impure.o)
                                  0x2 (size before relaxing)
                0x00002f04                . = ALIGN (0x4)
                0x00002f04                . = ALIGN (0x4)
 *(.init)
 .init          0x00002f04        0x4 c:/nxp/lpcxpresso_8.2.0_647/lpcxpresso/tools/bin/../lib/gcc/arm-none-eabi/5.3.1/armv7-m\crti.o
                0x00002f04                _init
 .init          0x00002f08        0x8 c:/nxp/lpcxpresso_8.2.0_647/lpcxpresso/tools/bin/../lib/gcc/arm-none-eabi/5.3.1/armv7-m\crtn.o
                0x00002f10                . = ALIGN (0x4)
                0x00002f10                __preinit_array_start = .
 *(.preinit_array)
                0x00002f10                __preinit_array_end = .
                0x00002f10                . = ALIGN (0x4)
                0x00002f10                __init_array_start = .
 *(SORT(.init_array.*))
 *(.init_array)
 .init_array    0x00002f10        0x4 c:/nxp/lpcxpresso_8.2.0_647/lpcxpresso/tools/bin/../lib/gcc/arm-none-eabi/5.3.1/armv7-m\crtbegin.o
                0x00002f14                __init_array_end = .
 *(.fini)
 .fini          0x00002f14        0x4 c:/nxp/lpcxpresso_8.2.0_647/lpcxpresso/tools/bin/../lib/gcc/arm-none-eabi/5.3.1/armv7-m\crti.o
                0x00002f14                _fini
 .fini          0x00002f18        0x8 c:/nxp/lpcxpresso_8.2.0_647/lpcxpresso/tools/bin/../lib/gcc/arm-none-eabi/5.3.1/armv7-m\crtn.o
                0x00002f20                . = ALIGN (0x4)
 *crtbegin.o(.ctors)
 *(EXCLUDE_FILE(*crtend.o) .ctors)
 *(SORT(.ctors.*))
 *crtend.o(.ctors)
                0x00002f20                . = ALIGN (0x4)
 *crtbegin.o(.dtors)
 *(EXCLUDE_FILE(*crtend.o) .dtors)
 *(SORT(.dtors.*))
 *crtend.o(.dtors)
                0x00002f20                . = ALIGN (0x4)

.glue_7         0x00002f20        0x0
 .glue_7        0x00002f20        0x0 linker stubs

.glue_7t        0x00002f20        0x0
 .glue_7t       0x00002f20        0x0 linker stubs

.vfp11_veneer   0x00002f20        0x0
 .vfp11_veneer  0x00002f20        0x0 linker stubs

.v4_bx          0x00002f20        0x0
 .v4_bx         0x00002f20        0x0 linker stubs

.iplt           0x00002f20        0x0
 .iplt          0x00002f20        0x0 ./src/EmbeddedSystemsProject.o

.ARM.extab
 *(.ARM.extab* .gnu.linkonce.armextab.*)
                0x00002f20                __exidx_start = .

.ARM.exidx      0x00002f20        0x8
 *(.ARM.exidx* .gnu.linkonce.armexidx.*)
 .ARM.exidx     0x00002f20        0x8 c:/nxp/lpcxpresso_8.2.0_647/lpcxpresso/tools/bin/../lib/gcc/arm-none-eabi/5.3.1/armv7-m\libgcc.a(_udivmoddi4.o)
                0x00002f28                __exidx_end = .
                0x00002f28                _etext = .

.rel.dyn        0x00002f28        0x0
 .rel.iplt      0x00002f28        0x0 ./src/EmbeddedSystemsProject.o

.eh_frame       0x00002f28        0x0
 .eh_frame      0x00002f28        0x0 c:/nxp/lpcxpresso_8.2.0_647/lpcxpresso/tools/bin/../lib/gcc/arm-none-eabi/5.3.1/armv7-m\crtbegin.o

.data_RAM2      0x02004000        0x0 load address 0x00002f28
 FILL mask 0xff
                [!provide]                PROVIDE (__start_data_RAM2, .)
 *(.ramfunc.$RAM2)
 *(.ramfunc.$Ram1_16)
 *(.data.$RAM2*)
 *(.data.$Ram1_16*)
                0x02004000                . = ALIGN (0x4)
                [!provide]                PROVIDE (__end_data_RAM2, .)

.data_RAM3      0x02008000        0x0 load address 0x00002f28
 FILL mask 0xff
                [!provide]                PROVIDE (__start_data_RAM3, .)
 *(.ramfunc.$RAM3)
 *(.ramfunc.$Ram2_4)
 *(.data.$RAM3*)
 *(.data.$Ram2_4*)
                0x02008000                . = ALIGN (0x4)
                [!provide]                PROVIDE (__end_data_RAM3, .)

.uninit_RESERVED
                0x02000000        0x0
 *(.bss.$RESERVED*)
                0x02000000                . = ALIGN (0x4)
                0x02000000                _end_uninit_RESERVED = .

.data           0x02000000      0x844 load address 0x00002f28
 FILL mask 0xff
                0x02000000                _data = .
 *(vtable)
 *(.ramfunc*)
 *(.data*)
 .data.uxCriticalNesting
                0x02000000        0x4 ./freertos/src/port.o
 .data.xNextTaskUnblockTime
                0x02000004        0x4 ./freertos/src/tasks.o
 .data.impure_data
                0x02000008      0x428 c:/nxp/lpcxpresso_8.2.0_647/lpcxpresso/tools/bin/../lib/gcc/arm-none-eabi/5.3.1/../../../../arm-none-eabi/lib/armv7-m\libc.a(lib_a-impure.o)
 .data._impure_ptr
                0x02000430        0x4 c:/nxp/lpcxpresso_8.2.0_647/lpcxpresso/tools/bin/../lib/gcc/arm-none-eabi/5.3.1/../../../../arm-none-eabi/lib/armv7-m\libc.a(lib_a-impure.o)
                0x02000430                _impure_ptr
 .data.__malloc_av_
                0x02000434      0x408 c:/nxp/lpcxpresso_8.2.0_647/lpcxpresso/tools/bin/../lib/gcc/arm-none-eabi/5.3.1/../../../../arm-none-eabi/lib/armv7-m\libc.a(lib_a-mallocr.o)
                0x02000434                __malloc_av_
 .data.__malloc_trim_threshold
                0x0200083c        0x4 c:/nxp/lpcxpresso_8.2.0_647/lpcxpresso/tools/bin/../lib/gcc/arm-none-eabi/5.3.1/../../../../arm-none-eabi/lib/armv7-m\libc.a(lib_a-mallocr.o)
                0x0200083c                __malloc_trim_threshold
 .data.__malloc_sbrk_base
                0x02000840        0x4 c:/nxp/lpcxpresso_8.2.0_647/lpcxpresso/tools/bin/../lib/gcc/arm-none-eabi/5.3.1/../../../../arm-none-eabi/lib/armv7-m\libc.a(lib_a-mallocr.o)
                0x02000840                __malloc_sbrk_base
                0x02000844                . = ALIGN (0x4)
                0x02000844                _edata = .

.igot.plt       0x02000844        0x0 load address 0x0000376c
 .igot.plt      0x02000844        0x0 ./src/EmbeddedSystemsProject.o

.jcr            0x02000844        0x0 load address 0x0000376c
 .jcr           0x02000844        0x0 c:/nxp/lpcxpresso_8.2.0_647/lpcxpresso/tools/bin/../lib/gcc/arm-none-eabi/5.3.1/armv7-m\crtbegin.o

.bss_RAM2       0x02004000        0x0
                [!provide]                PROVIDE (__start_bss_RAM2, .)
 *(.bss.$RAM2*)
 *(.bss.$Ram1_16*)
                0x02004000                . = ALIGN ((. != 0x0)?0x4:0x1)
                [!provide]                PROVIDE (__end_bss_RAM2, .)

.bss_RAM3       0x02008000        0x0
                [!provide]                PROVIDE (__start_bss_RAM3, .)
 *(.bss.$RAM3*)
 *(.bss.$Ram2_4*)
                0x02008000                . = ALIGN ((. != 0x0)?0x4:0x1)
                [!provide]                PROVIDE (__end_bss_RAM3, .)

.bss            0x02000844      0x1a4
                0x02000844                _bss = .
 *(.bss*)
 .bss._ZZ4mainE1i
                0x02000844        0x4 ./src/EmbeddedSystemsProject.o
 .bss.ulTimerCountsForOneTick
                0x02000848        0x4 ./freertos/src/port.o
 .bss.xMaximumPossibleSuppressedTicks
                0x0200084c        0x4 ./freertos/src/port.o
 .bss.ulStoppedTimerCompensation
                0x02000850        0x4 ./freertos/src/port.o
 .bss.pxCurrentTCB
                0x02000854        0x4 ./freertos/src/tasks.o
                0x02000854                pxCurrentTCB
 .bss.pxReadyTasksLists
                0x02000858       0xa0 ./freertos/src/tasks.o
 .bss.xDelayedTaskList1
                0x020008f8       0x14 ./freertos/src/tasks.o
 .bss.xDelayedTaskList2
                0x0200090c       0x14 ./freertos/src/tasks.o
 .bss.pxDelayedTaskList
                0x02000920        0x4 ./freertos/src/tasks.o
 .bss.pxOverflowDelayedTaskList
                0x02000924        0x4 ./freertos/src/tasks.o
 .bss.xPendingReadyList
                0x02000928       0x14 ./freertos/src/tasks.o
 .bss.xTasksWaitingTermination
                0x0200093c       0x14 ./freertos/src/tasks.o
 .bss.uxTasksDeleted
                0x02000950        0x4 ./freertos/src/tasks.o
 .bss.xSuspendedTaskList
                0x02000954       0x14 ./freertos/src/tasks.o
 .bss.uxCurrentNumberOfTasks
                0x02000968        0x4 ./freertos/src/tasks.o
 .bss.xTickCount
                0x0200096c        0x4 ./freertos/src/tasks.o
 .bss.uxTopReadyPriority
                0x02000970        0x4 ./freertos/src/tasks.o
 .bss.xSchedulerRunning
                0x02000974        0x4 ./freertos/src/tasks.o
 .bss.uxPendedTicks
                0x02000978        0x4 ./freertos/src/tasks.o
 .bss.xYieldPending
                0x0200097c        0x4 ./freertos/src/tasks.o
 .bss.xNumOfOverflows
                0x02000980        0x4 ./freertos/src/tasks.o
 .bss.uxTaskNumber
                0x02000984        0x4 ./freertos/src/tasks.o
 .bss.uxSchedulerSuspended
                0x02000988        0x4 ./freertos/src/tasks.o
 .bss.__malloc_max_total_mem
                0x0200098c        0x4 c:/nxp/lpcxpresso_8.2.0_647/lpcxpresso/tools/bin/../lib/gcc/arm-none-eabi/5.3.1/../../../../arm-none-eabi/lib/armv7-m\libc.a(lib_a-mallocr.o)
                0x0200098c                __malloc_max_total_mem
 .bss.__malloc_max_sbrked_mem
                0x02000990        0x4 c:/nxp/lpcxpresso_8.2.0_647/lpcxpresso/tools/bin/../lib/gcc/arm-none-eabi/5.3.1/../../../../arm-none-eabi/lib/armv7-m\libc.a(lib_a-mallocr.o)
                0x02000990                __malloc_max_sbrked_mem
 .bss.__malloc_top_pad
                0x02000994        0x4 c:/nxp/lpcxpresso_8.2.0_647/lpcxpresso/tools/bin/../lib/gcc/arm-none-eabi/5.3.1/../../../../arm-none-eabi/lib/armv7-m\libc.a(lib_a-mallocr.o)
                0x02000994                __malloc_top_pad
 .bss.__malloc_current_mallinfo
                0x02000998       0x28 c:/nxp/lpcxpresso_8.2.0_647/lpcxpresso/tools/bin/../lib/gcc/arm-none-eabi/5.3.1/../../../../arm-none-eabi/lib/armv7-m\libc.a(lib_a-mallocr.o)
                0x02000998                __malloc_current_mallinfo
 .bss.__end_of_heap
                0x020009c0        0x4 c:/nxp/lpcxpresso_8.2.0_647/lpcxpresso/tools/bin/../lib/gcc/arm-none-eabi/5.3.1/../../../../arm-none-eabi/lib/armv7-m\libcr_newlib_nohost.a(_cr_sbrk.o)
                0x020009c0                __end_of_heap
 .bss           0x020009c4       0x1c c:/nxp/lpcxpresso_8.2.0_647/lpcxpresso/tools/bin/../lib/gcc/arm-none-eabi/5.3.1/armv7-m\crtbegin.o
 *(COMMON)
 COMMON         0x020009e0        0x4 C:\Users\Jaakko\Documents\LPCXpresso_8.2.0_647\workspace\lpc_chip_15xx\Debug\liblpc_chip_15xx.a(chip_15xx.o)
                0x020009e0                SystemCoreClock
 COMMON         0x020009e4        0x4 c:/nxp/lpcxpresso_8.2.0_647/lpcxpresso/tools/bin/../lib/gcc/arm-none-eabi/5.3.1/../../../../arm-none-eabi/lib/armv7-m\libc.a(lib_a-reent.o)
                0x020009e4                errno
                0x020009e8                . = ALIGN (0x4)
                0x020009e8                _ebss = .
                [!provide]                PROVIDE (end, .)

.noinit_RAM2    0x02004000        0x0
 *(.noinit.$RAM2*)
 *(.noinit.$Ram1_16*)
                0x02004000                . = ALIGN (0x4)

.noinit_RAM3    0x02008000        0x0
 *(.noinit.$RAM3*)
 *(.noinit.$Ram2_4*)
                0x02008000                . = ALIGN (0x4)

.noinit         0x020009e8        0x0
                0x020009e8                _noinit = .
 *(.noinit*)
                0x020009e8                . = ALIGN (0x4)
                0x020009e8                _end_noinit = .
                0x020009e8                PROVIDE (_pvHeapStart, DEFINED (__user_heap_base)?__user_heap_base:.)
                0x02004000                PROVIDE (_vStackTop, DEFINED (__user_stack_top)?__user_stack_top:(__top_Ram0_16 - 0x0))
                0xfdffb306                PROVIDE (__valid_user_code_checksum, (0x0 - ((((((_vStackTop + (ResetISR + 0x1)) + (NMI_Handler + 0x1)) + (HardFault_Handler + 0x1)) + (DEFINED (MemManage_Handler)?MemManage_Handler:0x0 + 0x1)) + (DEFINED (BusFault_Handler)?BusFault_Handler:0x0 + 0x1)) + (DEFINED (UsageFault_Handler)?UsageFault_Handler:0x0 + 0x1))))
OUTPUT(EmbeddedSystemsProject.axf elf32-littlearm)

.debug_info     0x00000000     0x82b0
 .debug_info    0x00000000      0x419 ./src/EmbeddedSystemsProject.o
 .debug_info    0x00000419      0x267 ./src/cr_startup_lpc15xx.o
 .debug_info    0x00000680       0x3f ./src/crp.o
 .debug_info    0x000006bf       0xee ./src/sysinit.o
 .debug_info    0x000007ad      0x1ae ./freertos/src/FreeRTOSCommonHooks.o
 .debug_info    0x0000095b      0x143 ./freertos/src/heap_3.o
 .debug_info    0x00000a9e      0x2ee ./freertos/src/list.o
 .debug_info    0x00000d8c      0x46a ./freertos/src/port.o
 .debug_info    0x000011f6     0x1bcb ./freertos/src/tasks.o
 .debug_info    0x00002dc1      0xaa8 C:\Users\Jaakko\Documents\LPCXpresso_8.2.0_647\workspace\lpc_board_nxp_lpcxpresso_1549\Debug\liblpc_board_nxp_lpcxpresso_1549.a(board.o)
 .debug_info    0x00003869      0xc90 C:\Users\Jaakko\Documents\LPCXpresso_8.2.0_647\workspace\lpc_board_nxp_lpcxpresso_1549\Debug\liblpc_board_nxp_lpcxpresso_1549.a(board_sysinit.o)
 .debug_info    0x000044f9      0x98d C:\Users\Jaakko\Documents\LPCXpresso_8.2.0_647\workspace\lpc_chip_15xx\Debug\liblpc_chip_15xx.a(chip_15xx.o)
 .debug_info    0x00004e86      0xd3e C:\Users\Jaakko\Documents\LPCXpresso_8.2.0_647\workspace\lpc_chip_15xx\Debug\liblpc_chip_15xx.a(clock_15xx.o)
 .debug_info    0x00005bc4      0x624 C:\Users\Jaakko\Documents\LPCXpresso_8.2.0_647\workspace\lpc_chip_15xx\Debug\liblpc_chip_15xx.a(gpio_15xx.o)
 .debug_info    0x000061e8      0x1f9 C:\Users\Jaakko\Documents\LPCXpresso_8.2.0_647\workspace\lpc_chip_15xx\Debug\liblpc_chip_15xx.a(iocon_15xx.o)
 .debug_info    0x000063e1      0x5ea C:\Users\Jaakko\Documents\LPCXpresso_8.2.0_647\workspace\lpc_chip_15xx\Debug\liblpc_chip_15xx.a(swm_15xx.o)
 .debug_info    0x000069cb      0x74c C:\Users\Jaakko\Documents\LPCXpresso_8.2.0_647\workspace\lpc_chip_15xx\Debug\liblpc_chip_15xx.a(sysctl_15xx.o)
 .debug_info    0x00007117      0x738 C:\Users\Jaakko\Documents\LPCXpresso_8.2.0_647\workspace\lpc_chip_15xx\Debug\liblpc_chip_15xx.a(sysinit_15xx.o)
 .debug_info    0x0000784f      0x8d3 C:\Users\Jaakko\Documents\LPCXpresso_8.2.0_647\workspace\lpc_chip_15xx\Debug\liblpc_chip_15xx.a(uart_15xx.o)
 .debug_info    0x00008122      0x124 c:/nxp/lpcxpresso_8.2.0_647/lpcxpresso/tools/bin/../lib/gcc/arm-none-eabi/5.3.1/../../../../arm-none-eabi/lib/armv7-m\libcr_newlib_nohost.a(_cr_sbrk.o)
 .debug_info    0x00008246       0x6a c:/nxp/lpcxpresso_8.2.0_647/lpcxpresso/tools/bin/../lib/gcc/arm-none-eabi/5.3.1/../../../../arm-none-eabi/lib/armv7-m\libcr_newlib_nohost.a(_cr_check_heap.o)

.debug_abbrev   0x00000000     0x1d07
 .debug_abbrev  0x00000000      0x178 ./src/EmbeddedSystemsProject.o
 .debug_abbrev  0x00000178       0xe0 ./src/cr_startup_lpc15xx.o
 .debug_abbrev  0x00000258       0x36 ./src/crp.o
 .debug_abbrev  0x0000028e       0x82 ./src/sysinit.o
 .debug_abbrev  0x00000310      0x129 ./freertos/src/FreeRTOSCommonHooks.o
 .debug_abbrev  0x00000439       0xd4 ./freertos/src/heap_3.o
 .debug_abbrev  0x0000050d       0xec ./freertos/src/list.o
 .debug_abbrev  0x000005f9      0x1df ./freertos/src/port.o
 .debug_abbrev  0x000007d8      0x334 ./freertos/src/tasks.o
 .debug_abbrev  0x00000b0c      0x20e C:\Users\Jaakko\Documents\LPCXpresso_8.2.0_647\workspace\lpc_board_nxp_lpcxpresso_1549\Debug\liblpc_board_nxp_lpcxpresso_1549.a(board.o)
 .debug_abbrev  0x00000d1a      0x208 C:\Users\Jaakko\Documents\LPCXpresso_8.2.0_647\workspace\lpc_board_nxp_lpcxpresso_1549\Debug\liblpc_board_nxp_lpcxpresso_1549.a(board_sysinit.o)
 .debug_abbrev  0x00000f22      0x1b3 C:\Users\Jaakko\Documents\LPCXpresso_8.2.0_647\workspace\lpc_chip_15xx\Debug\liblpc_chip_15xx.a(chip_15xx.o)
 .debug_abbrev  0x000010d5      0x285 C:\Users\Jaakko\Documents\LPCXpresso_8.2.0_647\workspace\lpc_chip_15xx\Debug\liblpc_chip_15xx.a(clock_15xx.o)
 .debug_abbrev  0x0000135a      0x16a C:\Users\Jaakko\Documents\LPCXpresso_8.2.0_647\workspace\lpc_chip_15xx\Debug\liblpc_chip_15xx.a(gpio_15xx.o)
 .debug_abbrev  0x000014c4      0x137 C:\Users\Jaakko\Documents\LPCXpresso_8.2.0_647\workspace\lpc_chip_15xx\Debug\liblpc_chip_15xx.a(iocon_15xx.o)
 .debug_abbrev  0x000015fb      0x13e C:\Users\Jaakko\Documents\LPCXpresso_8.2.0_647\workspace\lpc_chip_15xx\Debug\liblpc_chip_15xx.a(swm_15xx.o)
 .debug_abbrev  0x00001739      0x12b C:\Users\Jaakko\Documents\LPCXpresso_8.2.0_647\workspace\lpc_chip_15xx\Debug\liblpc_chip_15xx.a(sysctl_15xx.o)
 .debug_abbrev  0x00001864      0x18c C:\Users\Jaakko\Documents\LPCXpresso_8.2.0_647\workspace\lpc_chip_15xx\Debug\liblpc_chip_15xx.a(sysinit_15xx.o)
 .debug_abbrev  0x000019f0      0x1e6 C:\Users\Jaakko\Documents\LPCXpresso_8.2.0_647\workspace\lpc_chip_15xx\Debug\liblpc_chip_15xx.a(uart_15xx.o)
 .debug_abbrev  0x00001bd6       0xcf c:/nxp/lpcxpresso_8.2.0_647/lpcxpresso/tools/bin/../lib/gcc/arm-none-eabi/5.3.1/../../../../arm-none-eabi/lib/armv7-m\libcr_newlib_nohost.a(_cr_sbrk.o)
 .debug_abbrev  0x00001ca5       0x62 c:/nxp/lpcxpresso_8.2.0_647/lpcxpresso/tools/bin/../lib/gcc/arm-none-eabi/5.3.1/../../../../arm-none-eabi/lib/armv7-m\libcr_newlib_nohost.a(_cr_check_heap.o)

.debug_aranges  0x00000000      0x900
 .debug_aranges
                0x00000000       0x50 ./src/EmbeddedSystemsProject.o
 .debug_aranges
                0x00000050       0x80 ./src/cr_startup_lpc15xx.o
 .debug_aranges
                0x000000d0       0x18 ./src/crp.o
 .debug_aranges
                0x000000e8       0x20 ./src/sysinit.o
 .debug_aranges
                0x00000108       0x40 ./freertos/src/FreeRTOSCommonHooks.o
 .debug_aranges
                0x00000148       0x28 ./freertos/src/heap_3.o
 .debug_aranges
                0x00000170       0x40 ./freertos/src/list.o
 .debug_aranges
                0x000001b0       0x90 ./freertos/src/port.o
 .debug_aranges
                0x00000240      0x190 ./freertos/src/tasks.o
 .debug_aranges
                0x000003d0       0xd0 C:\Users\Jaakko\Documents\LPCXpresso_8.2.0_647\workspace\lpc_board_nxp_lpcxpresso_1549\Debug\liblpc_board_nxp_lpcxpresso_1549.a(board.o)
 .debug_aranges
                0x000004a0       0x60 C:\Users\Jaakko\Documents\LPCXpresso_8.2.0_647\workspace\lpc_board_nxp_lpcxpresso_1549\Debug\liblpc_board_nxp_lpcxpresso_1549.a(board_sysinit.o)
 .debug_aranges
                0x00000500       0x50 C:\Users\Jaakko\Documents\LPCXpresso_8.2.0_647\workspace\lpc_chip_15xx\Debug\liblpc_chip_15xx.a(chip_15xx.o)
 .debug_aranges
                0x00000550      0x128 C:\Users\Jaakko\Documents\LPCXpresso_8.2.0_647\workspace\lpc_chip_15xx\Debug\liblpc_chip_15xx.a(clock_15xx.o)
 .debug_aranges
                0x00000678       0x70 C:\Users\Jaakko\Documents\LPCXpresso_8.2.0_647\workspace\lpc_chip_15xx\Debug\liblpc_chip_15xx.a(gpio_15xx.o)
 .debug_aranges
                0x000006e8       0x28 C:\Users\Jaakko\Documents\LPCXpresso_8.2.0_647\workspace\lpc_chip_15xx\Debug\liblpc_chip_15xx.a(iocon_15xx.o)
 .debug_aranges
                0x00000710       0x40 C:\Users\Jaakko\Documents\LPCXpresso_8.2.0_647\workspace\lpc_chip_15xx\Debug\liblpc_chip_15xx.a(swm_15xx.o)
 .debug_aranges
                0x00000750       0x50 C:\Users\Jaakko\Documents\LPCXpresso_8.2.0_647\workspace\lpc_chip_15xx\Debug\liblpc_chip_15xx.a(sysctl_15xx.o)
 .debug_aranges
                0x000007a0       0x58 C:\Users\Jaakko\Documents\LPCXpresso_8.2.0_647\workspace\lpc_chip_15xx\Debug\liblpc_chip_15xx.a(sysinit_15xx.o)
 .debug_aranges
                0x000007f8       0xc8 C:\Users\Jaakko\Documents\LPCXpresso_8.2.0_647\workspace\lpc_chip_15xx\Debug\liblpc_chip_15xx.a(uart_15xx.o)
 .debug_aranges
                0x000008c0       0x20 c:/nxp/lpcxpresso_8.2.0_647/lpcxpresso/tools/bin/../lib/gcc/arm-none-eabi/5.3.1/../../../../arm-none-eabi/lib/armv7-m\libcr_newlib_nohost.a(_cr_sbrk.o)
 .debug_aranges
                0x000008e0       0x20 c:/nxp/lpcxpresso_8.2.0_647/lpcxpresso/tools/bin/../lib/gcc/arm-none-eabi/5.3.1/../../../../arm-none-eabi/lib/armv7-m\libcr_newlib_nohost.a(_cr_check_heap.o)

.debug_ranges   0x00000000      0x7a8
 .debug_ranges  0x00000000       0x40 ./src/EmbeddedSystemsProject.o
 .debug_ranges  0x00000040       0x70 ./src/cr_startup_lpc15xx.o
 .debug_ranges  0x000000b0       0x10 ./src/sysinit.o
 .debug_ranges  0x000000c0       0x30 ./freertos/src/FreeRTOSCommonHooks.o
 .debug_ranges  0x000000f0       0x18 ./freertos/src/heap_3.o
 .debug_ranges  0x00000108       0x30 ./freertos/src/list.o
 .debug_ranges  0x00000138       0x80 ./freertos/src/port.o
 .debug_ranges  0x000001b8      0x180 ./freertos/src/tasks.o
 .debug_ranges  0x00000338       0xc0 C:\Users\Jaakko\Documents\LPCXpresso_8.2.0_647\workspace\lpc_board_nxp_lpcxpresso_1549\Debug\liblpc_board_nxp_lpcxpresso_1549.a(board.o)
 .debug_ranges  0x000003f8       0x50 C:\Users\Jaakko\Documents\LPCXpresso_8.2.0_647\workspace\lpc_board_nxp_lpcxpresso_1549\Debug\liblpc_board_nxp_lpcxpresso_1549.a(board_sysinit.o)
 .debug_ranges  0x00000448       0x40 C:\Users\Jaakko\Documents\LPCXpresso_8.2.0_647\workspace\lpc_chip_15xx\Debug\liblpc_chip_15xx.a(chip_15xx.o)
 .debug_ranges  0x00000488      0x118 C:\Users\Jaakko\Documents\LPCXpresso_8.2.0_647\workspace\lpc_chip_15xx\Debug\liblpc_chip_15xx.a(clock_15xx.o)
 .debug_ranges  0x000005a0       0x60 C:\Users\Jaakko\Documents\LPCXpresso_8.2.0_647\workspace\lpc_chip_15xx\Debug\liblpc_chip_15xx.a(gpio_15xx.o)
 .debug_ranges  0x00000600       0x18 C:\Users\Jaakko\Documents\LPCXpresso_8.2.0_647\workspace\lpc_chip_15xx\Debug\liblpc_chip_15xx.a(iocon_15xx.o)
 .debug_ranges  0x00000618       0x30 C:\Users\Jaakko\Documents\LPCXpresso_8.2.0_647\workspace\lpc_chip_15xx\Debug\liblpc_chip_15xx.a(swm_15xx.o)
 .debug_ranges  0x00000648       0x40 C:\Users\Jaakko\Documents\LPCXpresso_8.2.0_647\workspace\lpc_chip_15xx\Debug\liblpc_chip_15xx.a(sysctl_15xx.o)
 .debug_ranges  0x00000688       0x48 C:\Users\Jaakko\Documents\LPCXpresso_8.2.0_647\workspace\lpc_chip_15xx\Debug\liblpc_chip_15xx.a(sysinit_15xx.o)
 .debug_ranges  0x000006d0       0xb8 C:\Users\Jaakko\Documents\LPCXpresso_8.2.0_647\workspace\lpc_chip_15xx\Debug\liblpc_chip_15xx.a(uart_15xx.o)
 .debug_ranges  0x00000788       0x10 c:/nxp/lpcxpresso_8.2.0_647/lpcxpresso/tools/bin/../lib/gcc/arm-none-eabi/5.3.1/../../../../arm-none-eabi/lib/armv7-m\libcr_newlib_nohost.a(_cr_sbrk.o)
 .debug_ranges  0x00000798       0x10 c:/nxp/lpcxpresso_8.2.0_647/lpcxpresso/tools/bin/../lib/gcc/arm-none-eabi/5.3.1/../../../../arm-none-eabi/lib/armv7-m\libcr_newlib_nohost.a(_cr_check_heap.o)

.debug_macro    0x00000000     0xa325
 .debug_macro   0x00000000      0x42b ./src/EmbeddedSystemsProject.o
 .debug_macro   0x0000042b      0x8b0 ./src/EmbeddedSystemsProject.o
 .debug_macro   0x00000cdb       0x22 ./src/EmbeddedSystemsProject.o
 .debug_macro   0x00000cfd       0x87 ./src/EmbeddedSystemsProject.o
 .debug_macro   0x00000d84       0x44 ./src/EmbeddedSystemsProject.o
 .debug_macro   0x00000dc8       0xfd ./src/EmbeddedSystemsProject.o
 .debug_macro   0x00000ec5       0x22 ./src/EmbeddedSystemsProject.o
 .debug_macro   0x00000ee7      0x1df ./src/EmbeddedSystemsProject.o
 .debug_macro   0x000010c6       0x28 ./src/EmbeddedSystemsProject.o
 .debug_macro   0x000010ee       0x7b ./src/EmbeddedSystemsProject.o
 .debug_macro   0x00001169       0x10 ./src/EmbeddedSystemsProject.o
 .debug_macro   0x00001179       0x2d ./src/EmbeddedSystemsProject.o
 .debug_macro   0x000011a6       0x3a ./src/EmbeddedSystemsProject.o
 .debug_macro   0x000011e0       0x2d ./src/EmbeddedSystemsProject.o
 .debug_macro   0x0000120d      0xa7d ./src/EmbeddedSystemsProject.o
 .debug_macro   0x00001c8a      0x1b4 ./src/EmbeddedSystemsProject.o
 .debug_macro   0x00001e3e       0xca ./src/EmbeddedSystemsProject.o
 .debug_macro   0x00001f08       0x18 ./src/EmbeddedSystemsProject.o
 .debug_macro   0x00001f20       0xb2 ./src/EmbeddedSystemsProject.o
 .debug_macro   0x00001fd2       0x70 ./src/EmbeddedSystemsProject.o
 .debug_macro   0x00002042       0x46 ./src/EmbeddedSystemsProject.o
 .debug_macro   0x00002088       0xd0 ./src/EmbeddedSystemsProject.o
 .debug_macro   0x00002158       0x40 ./src/EmbeddedSystemsProject.o
 .debug_macro   0x00002198      0x233 ./src/EmbeddedSystemsProject.o
 .debug_macro   0x000023cb       0x16 ./src/EmbeddedSystemsProject.o
 .debug_macro   0x000023e1       0x88 ./src/EmbeddedSystemsProject.o
 .debug_macro   0x00002469       0x34 ./src/EmbeddedSystemsProject.o
 .debug_macro   0x0000249d       0x6a ./src/EmbeddedSystemsProject.o
 .debug_macro   0x00002507       0x40 ./src/EmbeddedSystemsProject.o
 .debug_macro   0x00002547       0x1c ./src/EmbeddedSystemsProject.o
 .debug_macro   0x00002563       0x16 ./src/EmbeddedSystemsProject.o
 .debug_macro   0x00002579      0x10c ./src/EmbeddedSystemsProject.o
 .debug_macro   0x00002685      0x2a9 ./src/EmbeddedSystemsProject.o
 .debug_macro   0x0000292e       0x76 ./src/EmbeddedSystemsProject.o
 .debug_macro   0x000029a4       0x22 ./src/EmbeddedSystemsProject.o
 .debug_macro   0x000029c6      0x152 ./src/EmbeddedSystemsProject.o
 .debug_macro   0x00002b18       0x82 ./src/EmbeddedSystemsProject.o
 .debug_macro   0x00002b9a       0xe6 ./src/EmbeddedSystemsProject.o
 .debug_macro   0x00002c80       0x3a ./src/EmbeddedSystemsProject.o
 .debug_macro   0x00002cba       0x34 ./src/EmbeddedSystemsProject.o
 .debug_macro   0x00002cee       0x10 ./src/EmbeddedSystemsProject.o
 .debug_macro   0x00002cfe       0x76 ./src/EmbeddedSystemsProject.o
 .debug_macro   0x00002d74       0x58 ./src/EmbeddedSystemsProject.o
 .debug_macro   0x00002dcc      0x2ca ./src/EmbeddedSystemsProject.o
 .debug_macro   0x00003096      0x22b ./src/EmbeddedSystemsProject.o
 .debug_macro   0x000032c1       0x2e ./src/EmbeddedSystemsProject.o
 .debug_macro   0x000032ef       0x34 ./src/EmbeddedSystemsProject.o
 .debug_macro   0x00003323       0x52 ./src/EmbeddedSystemsProject.o
 .debug_macro   0x00003375       0x35 ./src/EmbeddedSystemsProject.o
 .debug_macro   0x000033aa       0x9c ./src/EmbeddedSystemsProject.o
 .debug_macro   0x00003446       0x16 ./src/EmbeddedSystemsProject.o
 .debug_macro   0x0000345c       0x97 ./src/EmbeddedSystemsProject.o
 .debug_macro   0x000034f3      0x330 ./src/EmbeddedSystemsProject.o
 .debug_macro   0x00003823       0xf6 ./src/EmbeddedSystemsProject.o
 .debug_macro   0x00003919       0x10 ./src/EmbeddedSystemsProject.o
 .debug_macro   0x00003929       0x52 ./src/EmbeddedSystemsProject.o
 .debug_macro   0x0000397b       0x16 ./src/EmbeddedSystemsProject.o
 .debug_macro   0x00003991       0x43 ./src/EmbeddedSystemsProject.o
 .debug_macro   0x000039d4      0x187 ./src/EmbeddedSystemsProject.o
 .debug_macro   0x00003b5b       0x22 ./src/EmbeddedSystemsProject.o
 .debug_macro   0x00003b7d       0x3a ./src/EmbeddedSystemsProject.o
 .debug_macro   0x00003bb7       0x10 ./src/EmbeddedSystemsProject.o
 .debug_macro   0x00003bc7       0x40 ./src/EmbeddedSystemsProject.o
 .debug_macro   0x00003c07       0x6c ./src/EmbeddedSystemsProject.o
 .debug_macro   0x00003c73       0x16 ./src/EmbeddedSystemsProject.o
 .debug_macro   0x00003c89      0x182 ./src/EmbeddedSystemsProject.o
 .debug_macro   0x00003e0b       0x20 ./src/EmbeddedSystemsProject.o
 .debug_macro   0x00003e2b       0x40 ./src/EmbeddedSystemsProject.o
 .debug_macro   0x00003e6b       0xfa ./src/EmbeddedSystemsProject.o
 .debug_macro   0x00003f65       0xaf ./src/EmbeddedSystemsProject.o
 .debug_macro   0x00004014       0x12 ./src/EmbeddedSystemsProject.o
 .debug_macro   0x00004026       0x1f ./src/EmbeddedSystemsProject.o
 .debug_macro   0x00004045      0x353 ./src/EmbeddedSystemsProject.o
 .debug_macro   0x00004398       0x79 ./src/EmbeddedSystemsProject.o
 .debug_macro   0x00004411       0x69 ./src/EmbeddedSystemsProject.o
 .debug_macro   0x0000447a       0x16 ./src/EmbeddedSystemsProject.o
 .debug_macro   0x00004490       0x35 ./src/EmbeddedSystemsProject.o
 .debug_macro   0x000044c5       0x82 ./src/EmbeddedSystemsProject.o
 .debug_macro   0x00004547       0x23 ./src/cr_startup_lpc15xx.o
 .debug_macro   0x0000456a       0x1a ./src/crp.o
 .debug_macro   0x00004584      0x898 ./src/crp.o
 .debug_macro   0x00004e1c       0x34 ./src/crp.o
 .debug_macro   0x00004e50      0x3a5 ./src/sysinit.o
 .debug_macro   0x000051f5       0x87 ./src/sysinit.o
 .debug_macro   0x0000527c       0x22 ./src/sysinit.o
 .debug_macro   0x0000529e      0xa7d ./src/sysinit.o
 .debug_macro   0x00005d1b       0x9c ./src/sysinit.o
 .debug_macro   0x00005db7       0x97 ./src/sysinit.o
 .debug_macro   0x00005e4e      0x30d ./src/sysinit.o
 .debug_macro   0x0000615b       0xfd ./src/sysinit.o
 .debug_macro   0x00006258       0x43 ./src/sysinit.o
 .debug_macro   0x0000629b      0x421 ./freertos/src/FreeRTOSCommonHooks.o
 .debug_macro   0x000066bc      0x174 ./freertos/src/FreeRTOSCommonHooks.o
 .debug_macro   0x00006830       0x74 ./freertos/src/FreeRTOSCommonHooks.o
 .debug_macro   0x000068a4       0x11 ./freertos/src/FreeRTOSCommonHooks.o
 .debug_macro   0x000068b5       0x35 ./freertos/src/FreeRTOSCommonHooks.o
 .debug_macro   0x000068ea       0xf4 ./freertos/src/FreeRTOSCommonHooks.o
 .debug_macro   0x000069de      0x445 ./freertos/src/heap_3.o
 .debug_macro   0x00006e23      0x42a ./freertos/src/list.o
 .debug_macro   0x0000724d      0x4a8 ./freertos/src/port.o
 .debug_macro   0x000076f5      0x4df ./freertos/src/tasks.o
 .debug_macro   0x00007bd4       0x16 ./freertos/src/tasks.o
 .debug_macro   0x00007bea      0x284 C:\Users\Jaakko\Documents\LPCXpresso_8.2.0_647\workspace\lpc_board_nxp_lpcxpresso_1549\Debug\liblpc_board_nxp_lpcxpresso_1549.a(board.o)
 .debug_macro   0x00007e6e      0x886 C:\Users\Jaakko\Documents\LPCXpresso_8.2.0_647\workspace\lpc_board_nxp_lpcxpresso_1549\Debug\liblpc_board_nxp_lpcxpresso_1549.a(board.o)
 .debug_macro   0x000086f4       0x10 C:\Users\Jaakko\Documents\LPCXpresso_8.2.0_647\workspace\lpc_board_nxp_lpcxpresso_1549\Debug\liblpc_board_nxp_lpcxpresso_1549.a(board.o)
 .debug_macro   0x00008704      0x12d C:\Users\Jaakko\Documents\LPCXpresso_8.2.0_647\workspace\lpc_board_nxp_lpcxpresso_1549\Debug\liblpc_board_nxp_lpcxpresso_1549.a(board.o)
 .debug_macro   0x00008831      0x5b2 C:\Users\Jaakko\Documents\LPCXpresso_8.2.0_647\workspace\lpc_board_nxp_lpcxpresso_1549\Debug\liblpc_board_nxp_lpcxpresso_1549.a(board.o)
 .debug_macro   0x00008de3       0x22 C:\Users\Jaakko\Documents\LPCXpresso_8.2.0_647\workspace\lpc_board_nxp_lpcxpresso_1549\Debug\liblpc_board_nxp_lpcxpresso_1549.a(board.o)
 .debug_macro   0x00008e05       0x9a C:\Users\Jaakko\Documents\LPCXpresso_8.2.0_647\workspace\lpc_board_nxp_lpcxpresso_1549\Debug\liblpc_board_nxp_lpcxpresso_1549.a(board.o)
 .debug_macro   0x00008e9f       0x12 C:\Users\Jaakko\Documents\LPCXpresso_8.2.0_647\workspace\lpc_board_nxp_lpcxpresso_1549\Debug\liblpc_board_nxp_lpcxpresso_1549.a(board.o)
 .debug_macro   0x00008eb1      0x288 C:\Users\Jaakko\Documents\LPCXpresso_8.2.0_647\workspace\lpc_board_nxp_lpcxpresso_1549\Debug\liblpc_board_nxp_lpcxpresso_1549.a(board_sysinit.o)
 .debug_macro   0x00009139      0x239 C:\Users\Jaakko\Documents\LPCXpresso_8.2.0_647\workspace\lpc_chip_15xx\Debug\liblpc_chip_15xx.a(chip_15xx.o)
 .debug_macro   0x00009372      0x239 C:\Users\Jaakko\Documents\LPCXpresso_8.2.0_647\workspace\lpc_chip_15xx\Debug\liblpc_chip_15xx.a(clock_15xx.o)
 .debug_macro   0x000095ab      0x239 C:\Users\Jaakko\Documents\LPCXpresso_8.2.0_647\workspace\lpc_chip_15xx\Debug\liblpc_chip_15xx.a(gpio_15xx.o)
 .debug_macro   0x000097e4      0x239 C:\Users\Jaakko\Documents\LPCXpresso_8.2.0_647\workspace\lpc_chip_15xx\Debug\liblpc_chip_15xx.a(iocon_15xx.o)
 .debug_macro   0x00009a1d      0x245 C:\Users\Jaakko\Documents\LPCXpresso_8.2.0_647\workspace\lpc_chip_15xx\Debug\liblpc_chip_15xx.a(swm_15xx.o)
 .debug_macro   0x00009c62      0x251 C:\Users\Jaakko\Documents\LPCXpresso_8.2.0_647\workspace\lpc_chip_15xx\Debug\liblpc_chip_15xx.a(sysctl_15xx.o)
 .debug_macro   0x00009eb3      0x239 C:\Users\Jaakko\Documents\LPCXpresso_8.2.0_647\workspace\lpc_chip_15xx\Debug\liblpc_chip_15xx.a(sysinit_15xx.o)
 .debug_macro   0x0000a0ec      0x239 C:\Users\Jaakko\Documents\LPCXpresso_8.2.0_647\workspace\lpc_chip_15xx\Debug\liblpc_chip_15xx.a(uart_15xx.o)

.debug_line     0x00000000     0x75ba
 .debug_line    0x00000000      0x833 ./src/EmbeddedSystemsProject.o
 .debug_line    0x00000833       0xd3 ./src/cr_startup_lpc15xx.o
 .debug_line    0x00000906       0x7d ./src/crp.o
 .debug_line    0x00000983      0x666 ./src/sysinit.o
 .debug_line    0x00000fe9      0x7a8 ./freertos/src/FreeRTOSCommonHooks.o
 .debug_line    0x00001791      0x765 ./freertos/src/heap_3.o
 .debug_line    0x00001ef6      0x7b1 ./freertos/src/list.o
 .debug_line    0x000026a7      0x883 ./freertos/src/port.o
 .debug_line    0x00002f2a      0xf30 ./freertos/src/tasks.o
 .debug_line    0x00003e5a      0x6dc C:\Users\Jaakko\Documents\LPCXpresso_8.2.0_647\workspace\lpc_board_nxp_lpcxpresso_1549\Debug\liblpc_board_nxp_lpcxpresso_1549.a(board.o)
 .debug_line    0x00004536      0x59e C:\Users\Jaakko\Documents\LPCXpresso_8.2.0_647\workspace\lpc_board_nxp_lpcxpresso_1549\Debug\liblpc_board_nxp_lpcxpresso_1549.a(board_sysinit.o)
 .debug_line    0x00004ad4      0x4ba C:\Users\Jaakko\Documents\LPCXpresso_8.2.0_647\workspace\lpc_chip_15xx\Debug\liblpc_chip_15xx.a(chip_15xx.o)
 .debug_line    0x00004f8e      0x70e C:\Users\Jaakko\Documents\LPCXpresso_8.2.0_647\workspace\lpc_chip_15xx\Debug\liblpc_chip_15xx.a(clock_15xx.o)
 .debug_line    0x0000569c      0x512 C:\Users\Jaakko\Documents\LPCXpresso_8.2.0_647\workspace\lpc_chip_15xx\Debug\liblpc_chip_15xx.a(gpio_15xx.o)
 .debug_line    0x00005bae      0x45a C:\Users\Jaakko\Documents\LPCXpresso_8.2.0_647\workspace\lpc_chip_15xx\Debug\liblpc_chip_15xx.a(iocon_15xx.o)
 .debug_line    0x00006008      0x485 C:\Users\Jaakko\Documents\LPCXpresso_8.2.0_647\workspace\lpc_chip_15xx\Debug\liblpc_chip_15xx.a(swm_15xx.o)
 .debug_line    0x0000648d      0x4bc C:\Users\Jaakko\Documents\LPCXpresso_8.2.0_647\workspace\lpc_chip_15xx\Debug\liblpc_chip_15xx.a(sysctl_15xx.o)
 .debug_line    0x00006949      0x4ef C:\Users\Jaakko\Documents\LPCXpresso_8.2.0_647\workspace\lpc_chip_15xx\Debug\liblpc_chip_15xx.a(sysinit_15xx.o)
 .debug_line    0x00006e38      0x634 C:\Users\Jaakko\Documents\LPCXpresso_8.2.0_647\workspace\lpc_chip_15xx\Debug\liblpc_chip_15xx.a(uart_15xx.o)
 .debug_line    0x0000746c      0x101 c:/nxp/lpcxpresso_8.2.0_647/lpcxpresso/tools/bin/../lib/gcc/arm-none-eabi/5.3.1/../../../../arm-none-eabi/lib/armv7-m\libcr_newlib_nohost.a(_cr_sbrk.o)
 .debug_line    0x0000756d       0x4d c:/nxp/lpcxpresso_8.2.0_647/lpcxpresso/tools/bin/../lib/gcc/arm-none-eabi/5.3.1/../../../../arm-none-eabi/lib/armv7-m\libcr_newlib_nohost.a(_cr_check_heap.o)

.debug_str      0x00000000    0x1ba96
 .debug_str     0x00000000    0x14dae ./src/EmbeddedSystemsProject.o
                              0x15023 (size before relaxing)
 .debug_str     0x00014dae      0x228 ./src/cr_startup_lpc15xx.o
                               0x2773 (size before relaxing)
 .debug_str     0x00014fd6      0x2b0 ./src/crp.o
                               0x25f1 (size before relaxing)
 .debug_str     0x00015286      0x12a ./src/sysinit.o
                              0x1224d (size before relaxing)
 .debug_str     0x000153b0       0xf5 ./freertos/src/FreeRTOSCommonHooks.o
                              0x14a64 (size before relaxing)
 .debug_str     0x000154a5      0x152 ./freertos/src/heap_3.o
                              0x14ace (size before relaxing)
 .debug_str     0x000155f7      0x12d ./freertos/src/list.o
                              0x147e6 (size before relaxing)
 .debug_str     0x00015724      0x913 ./freertos/src/port.o
                              0x152e4 (size before relaxing)
 .debug_str     0x00016037     0x1a40 ./freertos/src/tasks.o
                              0x168d9 (size before relaxing)
 .debug_str     0x00017a77     0x20b1 C:\Users\Jaakko\Documents\LPCXpresso_8.2.0_647\workspace\lpc_board_nxp_lpcxpresso_1549\Debug\liblpc_board_nxp_lpcxpresso_1549.a(board.o)
                               0xff6e (size before relaxing)
 .debug_str     0x00019b28      0x891 C:\Users\Jaakko\Documents\LPCXpresso_8.2.0_647\workspace\lpc_board_nxp_lpcxpresso_1549\Debug\liblpc_board_nxp_lpcxpresso_1549.a(board_sysinit.o)
                              0x10560 (size before relaxing)
 .debug_str     0x0001a3b9      0x149 C:\Users\Jaakko\Documents\LPCXpresso_8.2.0_647\workspace\lpc_chip_15xx\Debug\liblpc_chip_15xx.a(chip_15xx.o)
                               0xfcb4 (size before relaxing)
 .debug_str     0x0001a502      0x89d C:\Users\Jaakko\Documents\LPCXpresso_8.2.0_647\workspace\lpc_chip_15xx\Debug\liblpc_chip_15xx.a(clock_15xx.o)
                              0x100b4 (size before relaxing)
 .debug_str     0x0001ad9f       0xdf C:\Users\Jaakko\Documents\LPCXpresso_8.2.0_647\workspace\lpc_chip_15xx\Debug\liblpc_chip_15xx.a(gpio_15xx.o)
                               0xf761 (size before relaxing)
 .debug_str     0x0001ae7e       0x41 C:\Users\Jaakko\Documents\LPCXpresso_8.2.0_647\workspace\lpc_chip_15xx\Debug\liblpc_chip_15xx.a(iocon_15xx.o)
                               0xf27e (size before relaxing)
 .debug_str     0x0001aebf      0x55d C:\Users\Jaakko\Documents\LPCXpresso_8.2.0_647\workspace\lpc_chip_15xx\Debug\liblpc_chip_15xx.a(swm_15xx.o)
                               0xfc86 (size before relaxing)
 .debug_str     0x0001b41c      0x183 C:\Users\Jaakko\Documents\LPCXpresso_8.2.0_647\workspace\lpc_chip_15xx\Debug\liblpc_chip_15xx.a(sysctl_15xx.o)
                               0xf76b (size before relaxing)
 .debug_str     0x0001b59f      0x13f C:\Users\Jaakko\Documents\LPCXpresso_8.2.0_647\workspace\lpc_chip_15xx\Debug\liblpc_chip_15xx.a(sysinit_15xx.o)
                               0xf75a (size before relaxing)
 .debug_str     0x0001b6de      0x20f C:\Users\Jaakko\Documents\LPCXpresso_8.2.0_647\workspace\lpc_chip_15xx\Debug\liblpc_chip_15xx.a(uart_15xx.o)
                               0xf8bd (size before relaxing)
 .debug_str     0x0001b8ed      0x184 c:/nxp/lpcxpresso_8.2.0_647/lpcxpresso/tools/bin/../lib/gcc/arm-none-eabi/5.3.1/../../../../arm-none-eabi/lib/armv7-m\libcr_newlib_nohost.a(_cr_sbrk.o)
                                0x229 (size before relaxing)
 .debug_str     0x0001ba71       0x25 c:/nxp/lpcxpresso_8.2.0_647/lpcxpresso/tools/bin/../lib/gcc/arm-none-eabi/5.3.1/../../../../arm-none-eabi/lib/armv7-m\libcr_newlib_nohost.a(_cr_check_heap.o)
                                0x16b (size before relaxing)

.comment        0x00000000       0xdc
 .comment       0x00000000       0x6e ./src/EmbeddedSystemsProject.o
                                 0x6f (size before relaxing)
 .comment       0x0000006e       0x6f ./src/cr_startup_lpc15xx.o
 .comment       0x0000006e       0x6f ./src/crp.o
 .comment       0x0000006e       0x6f ./src/sysinit.o
 .comment       0x0000006e       0x6f ./freertos/src/FreeRTOSCommonHooks.o
 .comment       0x0000006e       0x6f ./freertos/src/heap_3.o
 .comment       0x0000006e       0x6f ./freertos/src/list.o
 .comment       0x0000006e       0x6f ./freertos/src/port.o
 .comment       0x0000006e       0x6f ./freertos/src/tasks.o
 .comment       0x0000006e       0x6f C:\Users\Jaakko\Documents\LPCXpresso_8.2.0_647\workspace\lpc_board_nxp_lpcxpresso_1549\Debug\liblpc_board_nxp_lpcxpresso_1549.a(board.o)
 .comment       0x0000006e       0x6f C:\Users\Jaakko\Documents\LPCXpresso_8.2.0_647\workspace\lpc_board_nxp_lpcxpresso_1549\Debug\liblpc_board_nxp_lpcxpresso_1549.a(board_sysinit.o)
 .comment       0x0000006e       0x6f C:\Users\Jaakko\Documents\LPCXpresso_8.2.0_647\workspace\lpc_chip_15xx\Debug\liblpc_chip_15xx.a(chip_15xx.o)
 .comment       0x0000006e       0x6f C:\Users\Jaakko\Documents\LPCXpresso_8.2.0_647\workspace\lpc_chip_15xx\Debug\liblpc_chip_15xx.a(clock_15xx.o)
 .comment       0x0000006e       0x6f C:\Users\Jaakko\Documents\LPCXpresso_8.2.0_647\workspace\lpc_chip_15xx\Debug\liblpc_chip_15xx.a(gpio_15xx.o)
 .comment       0x0000006e       0x6f C:\Users\Jaakko\Documents\LPCXpresso_8.2.0_647\workspace\lpc_chip_15xx\Debug\liblpc_chip_15xx.a(iocon_15xx.o)
 .comment       0x0000006e       0x6f C:\Users\Jaakko\Documents\LPCXpresso_8.2.0_647\workspace\lpc_chip_15xx\Debug\liblpc_chip_15xx.a(swm_15xx.o)
 .comment       0x0000006e       0x6f C:\Users\Jaakko\Documents\LPCXpresso_8.2.0_647\workspace\lpc_chip_15xx\Debug\liblpc_chip_15xx.a(sysctl_15xx.o)
 .comment       0x0000006e       0x6f C:\Users\Jaakko\Documents\LPCXpresso_8.2.0_647\workspace\lpc_chip_15xx\Debug\liblpc_chip_15xx.a(sysinit_15xx.o)
 .comment       0x0000006e       0x6f C:\Users\Jaakko\Documents\LPCXpresso_8.2.0_647\workspace\lpc_chip_15xx\Debug\liblpc_chip_15xx.a(uart_15xx.o)
 .comment       0x0000006e       0x6e c:/nxp/lpcxpresso_8.2.0_647/lpcxpresso/tools/bin/../lib/gcc/arm-none-eabi/5.3.1/../../../../arm-none-eabi/lib/armv7-m\libcr_newlib_nohost.a(_cr_sbrk.o)
                                 0x6f (size before relaxing)
 .comment       0x000000dc       0x6f c:/nxp/lpcxpresso_8.2.0_647/lpcxpresso/tools/bin/../lib/gcc/arm-none-eabi/5.3.1/../../../../arm-none-eabi/lib/armv7-m\libcr_newlib_nohost.a(_cr_check_heap.o)

.ARM.attributes
                0x00000000       0x31
 .ARM.attributes
                0x00000000       0x33 ./src/EmbeddedSystemsProject.o
 .ARM.attributes
                0x00000033       0x33 ./src/cr_startup_lpc15xx.o
 .ARM.attributes
                0x00000066       0x33 ./src/crp.o
 .ARM.attributes
                0x00000099       0x33 ./src/sysinit.o
 .ARM.attributes
                0x000000cc       0x33 ./freertos/src/FreeRTOSCommonHooks.o
 .ARM.attributes
                0x000000ff       0x33 ./freertos/src/heap_3.o
 .ARM.attributes
                0x00000132       0x33 ./freertos/src/list.o
 .ARM.attributes
                0x00000165       0x33 ./freertos/src/port.o
 .ARM.attributes
                0x00000198       0x33 ./freertos/src/tasks.o
 .ARM.attributes
                0x000001cb       0x33 C:\Users\Jaakko\Documents\LPCXpresso_8.2.0_647\workspace\lpc_board_nxp_lpcxpresso_1549\Debug\liblpc_board_nxp_lpcxpresso_1549.a(board.o)
 .ARM.attributes
                0x000001fe       0x33 C:\Users\Jaakko\Documents\LPCXpresso_8.2.0_647\workspace\lpc_board_nxp_lpcxpresso_1549\Debug\liblpc_board_nxp_lpcxpresso_1549.a(board_sysinit.o)
 .ARM.attributes
                0x00000231       0x33 C:\Users\Jaakko\Documents\LPCXpresso_8.2.0_647\workspace\lpc_chip_15xx\Debug\liblpc_chip_15xx.a(chip_15xx.o)
 .ARM.attributes
                0x00000264       0x33 C:\Users\Jaakko\Documents\LPCXpresso_8.2.0_647\workspace\lpc_chip_15xx\Debug\liblpc_chip_15xx.a(clock_15xx.o)
 .ARM.attributes
                0x00000297       0x33 C:\Users\Jaakko\Documents\LPCXpresso_8.2.0_647\workspace\lpc_chip_15xx\Debug\liblpc_chip_15xx.a(gpio_15xx.o)
 .ARM.attributes
                0x000002ca       0x33 C:\Users\Jaakko\Documents\LPCXpresso_8.2.0_647\workspace\lpc_chip_15xx\Debug\liblpc_chip_15xx.a(iocon_15xx.o)
 .ARM.attributes
                0x000002fd       0x33 C:\Users\Jaakko\Documents\LPCXpresso_8.2.0_647\workspace\lpc_chip_15xx\Debug\liblpc_chip_15xx.a(swm_15xx.o)
 .ARM.attributes
                0x00000330       0x33 C:\Users\Jaakko\Documents\LPCXpresso_8.2.0_647\workspace\lpc_chip_15xx\Debug\liblpc_chip_15xx.a(sysctl_15xx.o)
 .ARM.attributes
                0x00000363       0x33 C:\Users\Jaakko\Documents\LPCXpresso_8.2.0_647\workspace\lpc_chip_15xx\Debug\liblpc_chip_15xx.a(sysinit_15xx.o)
 .ARM.attributes
                0x00000396       0x33 C:\Users\Jaakko\Documents\LPCXpresso_8.2.0_647\workspace\lpc_chip_15xx\Debug\liblpc_chip_15xx.a(uart_15xx.o)
 .ARM.attributes
                0x000003c9       0x1d c:/nxp/lpcxpresso_8.2.0_647/lpcxpresso/tools/bin/../lib/gcc/arm-none-eabi/5.3.1/armv7-m\libgcc.a(_aeabi_uldivmod.o)
 .ARM.attributes
                0x000003e6       0x2d c:/nxp/lpcxpresso_8.2.0_647/lpcxpresso/tools/bin/../lib/gcc/arm-none-eabi/5.3.1/armv7-m\libgcc.a(_udivmoddi4.o)
 .ARM.attributes
                0x00000413       0x1d c:/nxp/lpcxpresso_8.2.0_647/lpcxpresso/tools/bin/../lib/gcc/arm-none-eabi/5.3.1/armv7-m\libgcc.a(_dvmd_tls.o)
 .ARM.attributes
                0x00000430       0x2d c:/nxp/lpcxpresso_8.2.0_647/lpcxpresso/tools/bin/../lib/gcc/arm-none-eabi/5.3.1/../../../../arm-none-eabi/lib/armv7-m\libc.a(lib_a-impure.o)
 .ARM.attributes
                0x0000045d       0x2d c:/nxp/lpcxpresso_8.2.0_647/lpcxpresso/tools/bin/../lib/gcc/arm-none-eabi/5.3.1/../../../../arm-none-eabi/lib/armv7-m\libc.a(lib_a-init.o)
 .ARM.attributes
                0x0000048a       0x2d c:/nxp/lpcxpresso_8.2.0_647/lpcxpresso/tools/bin/../lib/gcc/arm-none-eabi/5.3.1/../../../../arm-none-eabi/lib/armv7-m\libc.a(lib_a-malloc.o)
 .ARM.attributes
                0x000004b7       0x2d c:/nxp/lpcxpresso_8.2.0_647/lpcxpresso/tools/bin/../lib/gcc/arm-none-eabi/5.3.1/../../../../arm-none-eabi/lib/armv7-m\libc.a(lib_a-mallocr.o)
 .ARM.attributes
                0x000004e4       0x2d c:/nxp/lpcxpresso_8.2.0_647/lpcxpresso/tools/bin/../lib/gcc/arm-none-eabi/5.3.1/../../../../arm-none-eabi/lib/armv7-m\libc.a(lib_a-memset.o)
 .ARM.attributes
                0x00000511       0x2d c:/nxp/lpcxpresso_8.2.0_647/lpcxpresso/tools/bin/../lib/gcc/arm-none-eabi/5.3.1/../../../../arm-none-eabi/lib/armv7-m\libc.a(lib_a-mlock.o)
 .ARM.attributes
                0x0000053e       0x2d c:/nxp/lpcxpresso_8.2.0_647/lpcxpresso/tools/bin/../lib/gcc/arm-none-eabi/5.3.1/../../../../arm-none-eabi/lib/armv7-m\libc.a(lib_a-reent.o)
 .ARM.attributes
                0x0000056b       0x2d c:/nxp/lpcxpresso_8.2.0_647/lpcxpresso/tools/bin/../lib/gcc/arm-none-eabi/5.3.1/../../../../arm-none-eabi/lib/armv7-m\libc.a(lib_a-sbrkr.o)
 .ARM.attributes
                0x00000598       0x2d c:/nxp/lpcxpresso_8.2.0_647/lpcxpresso/tools/bin/../lib/gcc/arm-none-eabi/5.3.1/../../../../arm-none-eabi/lib/armv7-m\libc.a(lib_a-freer.o)
 .ARM.attributes
                0x000005c5       0x33 c:/nxp/lpcxpresso_8.2.0_647/lpcxpresso/tools/bin/../lib/gcc/arm-none-eabi/5.3.1/../../../../arm-none-eabi/lib/armv7-m\libcr_newlib_nohost.a(_cr_sbrk.o)
 .ARM.attributes
                0x000005f8       0x33 c:/nxp/lpcxpresso_8.2.0_647/lpcxpresso/tools/bin/../lib/gcc/arm-none-eabi/5.3.1/../../../../arm-none-eabi/lib/armv7-m\libcr_newlib_nohost.a(_cr_check_heap.o)
 .ARM.attributes
                0x0000062b       0x1d c:/nxp/lpcxpresso_8.2.0_647/lpcxpresso/tools/bin/../lib/gcc/arm-none-eabi/5.3.1/armv7-m\crti.o
 .ARM.attributes
                0x00000648       0x1d c:/nxp/lpcxpresso_8.2.0_647/lpcxpresso/tools/bin/../lib/gcc/arm-none-eabi/5.3.1/armv7-m\crtn.o
 .ARM.attributes
                0x00000665       0x2d c:/nxp/lpcxpresso_8.2.0_647/lpcxpresso/tools/bin/../lib/gcc/arm-none-eabi/5.3.1/armv7-m\crtbegin.o
 .ARM.attributes
                0x00000692       0x2d c:/nxp/lpcxpresso_8.2.0_647/lpcxpresso/tools/bin/../lib/gcc/arm-none-eabi/5.3.1/../../../../arm-none-eabi/lib/armv7-m\libc.a(lib_a-errno.o)

.debug_frame    0x00000000     0x22a4
 .debug_frame   0x00000000      0x108 ./src/EmbeddedSystemsProject.o
 .debug_frame   0x00000108      0x170 ./src/cr_startup_lpc15xx.o
 .debug_frame   0x00000278       0x2c ./src/sysinit.o
 .debug_frame   0x000002a4       0xb0 ./freertos/src/FreeRTOSCommonHooks.o
 .debug_frame   0x00000354       0x58 ./freertos/src/heap_3.o
 .debug_frame   0x000003ac       0xd8 ./freertos/src/list.o
 .debug_frame   0x00000484      0x198 ./freertos/src/port.o
 .debug_frame   0x0000061c      0x6d0 ./freertos/src/tasks.o
 .debug_frame   0x00000cec      0x360 C:\Users\Jaakko\Documents\LPCXpresso_8.2.0_647\workspace\lpc_board_nxp_lpcxpresso_1549\Debug\liblpc_board_nxp_lpcxpresso_1549.a(board.o)
 .debug_frame   0x0000104c      0x14c C:\Users\Jaakko\Documents\LPCXpresso_8.2.0_647\workspace\lpc_board_nxp_lpcxpresso_1549\Debug\liblpc_board_nxp_lpcxpresso_1549.a(board_sysinit.o)
 .debug_frame   0x00001198      0x104 C:\Users\Jaakko\Documents\LPCXpresso_8.2.0_647\workspace\lpc_chip_15xx\Debug\liblpc_chip_15xx.a(chip_15xx.o)
 .debug_frame   0x0000129c      0x4b0 C:\Users\Jaakko\Documents\LPCXpresso_8.2.0_647\workspace\lpc_chip_15xx\Debug\liblpc_chip_15xx.a(clock_15xx.o)
 .debug_frame   0x0000174c      0x1b4 C:\Users\Jaakko\Documents\LPCXpresso_8.2.0_647\workspace\lpc_chip_15xx\Debug\liblpc_chip_15xx.a(gpio_15xx.o)
 .debug_frame   0x00001900       0x5c C:\Users\Jaakko\Documents\LPCXpresso_8.2.0_647\workspace\lpc_chip_15xx\Debug\liblpc_chip_15xx.a(iocon_15xx.o)
 .debug_frame   0x0000195c       0xd4 C:\Users\Jaakko\Documents\LPCXpresso_8.2.0_647\workspace\lpc_chip_15xx\Debug\liblpc_chip_15xx.a(swm_15xx.o)
 .debug_frame   0x00001a30      0x124 C:\Users\Jaakko\Documents\LPCXpresso_8.2.0_647\workspace\lpc_chip_15xx\Debug\liblpc_chip_15xx.a(sysctl_15xx.o)
 .debug_frame   0x00001b54      0x134 C:\Users\Jaakko\Documents\LPCXpresso_8.2.0_647\workspace\lpc_chip_15xx\Debug\liblpc_chip_15xx.a(sysinit_15xx.o)
 .debug_frame   0x00001c88      0x340 C:\Users\Jaakko\Documents\LPCXpresso_8.2.0_647\workspace\lpc_chip_15xx\Debug\liblpc_chip_15xx.a(uart_15xx.o)
 .debug_frame   0x00001fc8       0x2c c:/nxp/lpcxpresso_8.2.0_647/lpcxpresso/tools/bin/../lib/gcc/arm-none-eabi/5.3.1/armv7-m\libgcc.a(_aeabi_uldivmod.o)
 .debug_frame   0x00001ff4       0x38 c:/nxp/lpcxpresso_8.2.0_647/lpcxpresso/tools/bin/../lib/gcc/arm-none-eabi/5.3.1/armv7-m\libgcc.a(_udivmoddi4.o)
 .debug_frame   0x0000202c       0x2c c:/nxp/lpcxpresso_8.2.0_647/lpcxpresso/tools/bin/../lib/gcc/arm-none-eabi/5.3.1/../../../../arm-none-eabi/lib/armv7-m\libc.a(lib_a-init.o)
 .debug_frame   0x00002058       0x30 c:/nxp/lpcxpresso_8.2.0_647/lpcxpresso/tools/bin/../lib/gcc/arm-none-eabi/5.3.1/../../../../arm-none-eabi/lib/armv7-m\libc.a(lib_a-malloc.o)
 .debug_frame   0x00002088       0x54 c:/nxp/lpcxpresso_8.2.0_647/lpcxpresso/tools/bin/../lib/gcc/arm-none-eabi/5.3.1/../../../../arm-none-eabi/lib/armv7-m\libc.a(lib_a-mallocr.o)
 .debug_frame   0x000020dc       0x34 c:/nxp/lpcxpresso_8.2.0_647/lpcxpresso/tools/bin/../lib/gcc/arm-none-eabi/5.3.1/../../../../arm-none-eabi/lib/armv7-m\libc.a(lib_a-memset.o)
 .debug_frame   0x00002110       0x30 c:/nxp/lpcxpresso_8.2.0_647/lpcxpresso/tools/bin/../lib/gcc/arm-none-eabi/5.3.1/../../../../arm-none-eabi/lib/armv7-m\libc.a(lib_a-mlock.o)
 .debug_frame   0x00002140       0x58 c:/nxp/lpcxpresso_8.2.0_647/lpcxpresso/tools/bin/../lib/gcc/arm-none-eabi/5.3.1/../../../../arm-none-eabi/lib/armv7-m\libc.a(lib_a-reent.o)
 .debug_frame   0x00002198       0x2c c:/nxp/lpcxpresso_8.2.0_647/lpcxpresso/tools/bin/../lib/gcc/arm-none-eabi/5.3.1/../../../../arm-none-eabi/lib/armv7-m\libc.a(lib_a-sbrkr.o)
 .debug_frame   0x000021c4       0x74 c:/nxp/lpcxpresso_8.2.0_647/lpcxpresso/tools/bin/../lib/gcc/arm-none-eabi/5.3.1/../../../../arm-none-eabi/lib/armv7-m\libc.a(lib_a-freer.o)
 .debug_frame   0x00002238       0x2c c:/nxp/lpcxpresso_8.2.0_647/lpcxpresso/tools/bin/../lib/gcc/arm-none-eabi/5.3.1/../../../../arm-none-eabi/lib/armv7-m\libcr_newlib_nohost.a(_cr_sbrk.o)
 .debug_frame   0x00002264       0x20 c:/nxp/lpcxpresso_8.2.0_647/lpcxpresso/tools/bin/../lib/gcc/arm-none-eabi/5.3.1/../../../../arm-none-eabi/lib/armv7-m\libcr_newlib_nohost.a(_cr_check_heap.o)
 .debug_frame   0x00002284       0x20 c:/nxp/lpcxpresso_8.2.0_647/lpcxpresso/tools/bin/../lib/gcc/arm-none-eabi/5.3.1/../../../../arm-none-eabi/lib/armv7-m\libc.a(lib_a-errno.o)

.debug_loc      0x00000000       0x81
 .debug_loc     0x00000000       0x47 c:/nxp/lpcxpresso_8.2.0_647/lpcxpresso/tools/bin/../lib/gcc/arm-none-eabi/5.3.1/../../../../arm-none-eabi/lib/armv7-m\libcr_newlib_nohost.a(_cr_sbrk.o)
 .debug_loc     0x00000047       0x3a c:/nxp/lpcxpresso_8.2.0_647/lpcxpresso/tools/bin/../lib/gcc/arm-none-eabi/5.3.1/../../../../arm-none-eabi/lib/armv7-m\libcr_newlib_nohost.a(_cr_check_heap.o)
